Basheer@ZABISK-LAPTOP MINGW64 ~/GitHub/ai-stock-analysis-agent (main)
$ python test_wrapper.py
ğŸš€ Starting Test on: https://www.screener.in/market/IN02/IN0201/IN020102/IN020102001/

... Logging in & Harvesting data...
2025-12-02 08:11:59,043 - ğŸšœ HARVESTER - Starting Harvest: https://www.screener.in/market/IN02/IN0201/IN020102/IN020102001/
2025-12-02 08:12:05,057 - ğŸšœ HARVESTER - ğŸ” Logging in to access custom columns...
2025-12-02 08:12:07,586 - ğŸšœ HARVESTER - âœ… Login Successful.
2025-12-02 08:12:11,176 - ğŸšœ HARVESTER - ğŸ¯ PROCESSING TARGET: 'Auto Components & Equipments Companies'
2025-12-02 08:12:11,315 - ğŸšœ HARVESTER -    âœ… Page 1 scraped (53 rows)
2025-12-02 08:12:14,474 - ğŸšœ HARVESTER -    âœ… Page 2 scraped (53 rows)
2025-12-02 08:12:18,509 - ğŸšœ HARVESTER -    âœ… Page 3 scraped (50 rows)
2025-12-02 08:12:18,519 - ğŸšœ HARVESTER -    ğŸ›‘ Reached last page.
âœ… Harvest Success! Found 156 stocks.

... Applying 5/5 Financial Filters...
ğŸ“‹ Status: Found 15 qualifiers.

ğŸ† QUALIFIED SURVIVORS (15):
            Name   TickerID    Price  Market Cap  PEG  ROCE  D/E  Pledge    FCF
   ZF Commercial  ZFCVINDIA 14827.00    28111.99 1.14 20.15 0.02     0.0 122.51
Amara Raja Ener.      ARE&M   950.45    17395.65 1.09 16.75 0.04     0.0 631.24
  CIE Automotive   CIEINDIA   416.00    15781.47 0.72 16.59 0.07     0.0 500.17
 Shriram Pistons SHRIPISTON  2602.50    11463.97 0.46 25.70 0.20     0.0 266.24
      Pricol Ltd  PRICOLLTD   621.95     7580.42 0.86 22.87 0.15     0.0 112.68
 Fiem Industries    FIEMIND  2254.30     5933.24 0.91 27.80 0.06     0.0 131.51
    Sharda Motor SHARDAMOTR   972.60     5583.47 0.82 34.60 0.04     0.0 211.24
     Rolex Rings ROLEXRINGS   103.92     2830.09 1.26 22.81 0.00     0.0 177.12
Automotive Axles  AUTOAXLES  1827.20     2760.90 0.64 22.32 0.01     0.0 114.74
Federal-Mogul Go   FMGOETZE   490.55     2728.93 0.34 19.60 0.00     0.0 174.50
Studds Accessor.     STUDDS   545.25     2145.74 0.85 22.59 0.02     0.0  21.52
NDR Auto Compon.    NDRAUTO   860.75     2047.32 0.69 22.85 0.16     0.0  36.21
India Nipp.Elec.  INDNIPPON   863.05     1952.34 0.80 15.43 0.00     0.0  26.31
   Talbros Auto. TALBROAUTO   288.75     1782.40 0.66 19.31 0.13     0.0  29.37
Frontier Springs     522195  4283.00     1687.50 0.51 41.56 0.04     0.0   7.50
Exception ignored in: <function Chrome.__del__ at 0x000001B2CE234F40>
Traceback (most recent call last):
  File "C:\Users\Basheer\GitHub\ai-stock-analysis-agent\venv\Lib\site-packages\undetected_chromedriver\__init__.py", line 843, in __del__
    self.quit()
  File "C:\Users\Basheer\GitHub\ai-stock-analysis-agent\venv\Lib\site-packages\undetected_chromedriver\__init__.py", line 798, in quit
    time.sleep(0.1)
OSError: [WinError 6] The handle is invalid
(venv) 
Basheer@ZABISK-LAPTOP MINGW64 ~/GitHub/ai-stock-analysis-agent (main)
$ python test_wrapper.py
ğŸš€ Starting Test on: https://www.screener.in/market/IN07/IN0702/IN070205/IN070205017/

... Logging in & Harvesting data...
2025-12-02 08:14:54,977 - ğŸšœ HARVESTER - Starting Harvest: https://www.screener.in/market/IN07/IN0702/IN070205/IN070205017/
2025-12-02 08:14:59,503 - ğŸšœ HARVESTER - ğŸ” Logging in to access custom columns...
2025-12-02 08:15:02,528 - ğŸšœ HARVESTER - âœ… Login Successful.
2025-12-02 08:15:05,950 - ğŸšœ HARVESTER - ğŸ¯ PROCESSING TARGET: 'Compressors, Pumps & Diesel Engines Companies'
2025-12-02 08:15:05,991 - ğŸšœ HARVESTER -    âœ… Page 1 scraped (15 rows)
2025-12-02 08:15:06,004 - ğŸšœ HARVESTER -    ğŸ›‘ Reached last page.
âœ… Harvest Success! Found 15 stocks.

... Applying 5/5 Financial Filters...
ğŸ“‹ Status: Found 5 qualifiers.

ğŸ† QUALIFIED SURVIVORS (5):
          Name   TickerID  Price  Market Cap  PEG  ROCE  D/E  Pledge     FCF
 Cummins India CUMMINSIND 4544.2   125965.22 1.57 36.32 0.00     0.0 1454.93
Kirl. Brothers KIRLOSBROS 1685.5    13384.37 0.52 27.59 0.10     0.0  296.89
Ingersoll-Rand  INGERRAND 3720.0    11743.30 1.29 60.02 0.02     0.0  216.13
Kirl.Pneumatic    KIRLPNU 1071.8     6960.23 0.96 28.27 0.00     0.0  137.14
Swaraj Engines  SWARAJENG 3902.6     4740.67 1.77 56.21 0.00     0.0  152.36
Exception ignored in: <function Chrome.__del__ at 0x0000025EFA034F40>
Traceback (most recent call last):
  File "C:\Users\Basheer\GitHub\ai-stock-analysis-agent\venv\Lib\site-packages\undetected_chromedriver\__init__.py", line 843, in __del__
    self.quit()
  File "C:\Users\Basheer\GitHub\ai-stock-analysis-agent\venv\Lib\site-packages\undetected_chromedriver\__init__.py", line 798, in quit
    time.sleep(0.1)
OSError: [WinError 6] The handle is invalid
(venv) 
Basheer@ZABISK-LAPTOP MINGW64 ~/GitHub/ai-stock-analysis-agent (main)
$ python test_wrapper.py
ğŸš€ Starting Test on: https://www.screener.in/market/IN01/IN0101/IN010101/IN010101001/

... Logging in & Harvesting data...
2025-12-02 08:16:03,619 - ğŸšœ HARVESTER - Starting Harvest: https://www.screener.in/market/IN01/IN0101/IN010101/IN010101001/
2025-12-02 08:16:08,609 - ğŸšœ HARVESTER - ğŸ” Logging in to access custom columns...
2025-12-02 08:16:10,752 - ğŸšœ HARVESTER - âœ… Login Successful.
2025-12-02 08:16:14,689 - ğŸšœ HARVESTER - ğŸ¯ PROCESSING TARGET: 'Commodity Chemicals Companies'
2025-12-02 08:16:14,781 - ğŸšœ HARVESTER -    âœ… Page 1 scraped (53 rows)
2025-12-02 08:16:18,279 - ğŸšœ HARVESTER -    âœ… Page 2 scraped (24 rows)
2025-12-02 08:16:18,279 - ğŸšœ HARVESTER -    ğŸ›‘ Reached last page.
âœ… Harvest Success! Found 77 stocks.

... Applying 5/5 Financial Filters...
ğŸ“‹ Status: Found 2 qualifiers.

ğŸ† QUALIFIED SURVIVORS (2):
           Name TickerID  Price  Market Cap  PEG  ROCE  D/E  Pledge    FCF
  Grauer & Weil GRAUWEIL  79.71     3614.14 0.93 23.34 0.01     0.0 105.28
Amines & Plast.  AMNPLST 194.88     1072.23 1.50 20.17 0.11     0.0  25.80
Exception ignored in: <function Chrome.__del__ at 0x000001C1B0F84F40>
Traceback (most recent call last):
  File "C:\Users\Basheer\GitHub\ai-stock-analysis-agent\venv\Lib\site-packages\undetected_chromedriver\__init__.py", line 843, in __del__
    self.quit()
  File "C:\Users\Basheer\GitHub\ai-stock-analysis-agent\venv\Lib\site-packages\undetected_chromedriver\__init__.py", line 798, in quit
    time.sleep(0.1)
OSError: [WinError 6] The handle is invalid
(venv) 
Basheer@ZABISK-LAPTOP MINGW64 ~/GitHub/ai-stock-analysis-agent (main)
$ python test_wrapper.py
ğŸš€ Starting Test on: https://www.screener.in/market/IN06/IN0601/IN060103/IN060103002/

... Logging in & Harvesting data...
2025-12-02 08:21:16,881 - ğŸšœ HARVESTER - Starting Harvest: https://www.screener.in/market/IN06/IN0601/IN060103/IN060103002/
2025-12-02 08:21:21,734 - ğŸšœ HARVESTER - ğŸ” Logging in to access custom columns...
2025-12-02 08:21:24,204 - ğŸšœ HARVESTER - âœ… Login Successful.
2025-12-02 08:21:27,677 - ğŸšœ HARVESTER - ğŸ¯ PROCESSING TARGET: 'Healthcare Service Provider Companies'
2025-12-02 08:21:27,772 - ğŸšœ HARVESTER -    âœ… Page 1 scraped (34 rows)
2025-12-02 08:21:27,788 - ğŸšœ HARVESTER -    ğŸ›‘ Reached last page.
âœ… Harvest Success! Found 34 stocks.

... Applying 5/5 Financial Filters...
ğŸ“‹ Status: Found 2 qualifiers.

ğŸ† QUALIFIED SURVIVORS (2):
           Name TickerID   Price  Market Cap  PEG  ROCE  D/E  Pledge   FCF
    3B Blackbio   532067 1259.00     1080.56 1.58 25.75  0.0     0.0 42.46
One Global Serv   514330  547.55     1070.08 0.15 56.38  0.0     0.0 14.34
Exception ignored in: <function Chrome.__del__ at 0x000002B9D1B44F40>
Traceback (most recent call last):
  File "C:\Users\Basheer\GitHub\ai-stock-analysis-agent\venv\Lib\site-packages\undetected_chromedriver\__init__.py", line 843, in __del__
    self.quit()
  File "C:\Users\Basheer\GitHub\ai-stock-analysis-agent\venv\Lib\site-packages\undetected_chromedriver\__init__.py", line 798, in quit
    time.sleep(0.1)
OSError: [WinError 6] The handle is invalid
(venv) 
Basheer@ZABISK-LAPTOP MINGW64 ~/GitHub/ai-stock-analysis-agent (main)
$ python test_wrapper.py
ğŸš€ Starting Test on: https://www.screener.in/market/IN08/IN0801/IN080102/IN080102001/

... Logging in & Harvesting data...
2025-12-02 08:22:10,662 - ğŸšœ HARVESTER - Starting Harvest: https://www.screener.in/market/IN08/IN0801/IN080102/IN080102001/
2025-12-02 08:22:16,695 - ğŸšœ HARVESTER - ğŸ” Logging in to access custom columns...
2025-12-02 08:22:19,842 - ğŸšœ HARVESTER - âœ… Login Successful.
2025-12-02 08:22:23,309 - ğŸšœ HARVESTER - ğŸ¯ PROCESSING TARGET: 'IT Enabled Services Companies'
2025-12-02 08:22:23,426 - ğŸšœ HARVESTER -    âœ… Page 1 scraped (53 rows)
2025-12-02 08:22:25,945 - ğŸšœ HARVESTER -    âœ… Page 2 scraped (53 rows)
2025-12-02 08:22:30,006 - ğŸšœ HARVESTER -    âœ… Page 3 scraped (2 rows)
2025-12-02 08:22:30,022 - ğŸšœ HARVESTER -    ğŸ›‘ Reached last page.
âœ… Harvest Success! Found 108 stocks.

... Applying 5/5 Financial Filters...
ğŸ“‹ Status: Found 9 qualifiers.

ğŸ† QUALIFIED SURVIVORS (9):
            Name   TickerID   Price  Market Cap  PEG  ROCE  D/E  Pledge    FCF
   Cigniti Tech. CIGNITITEC 1847.60     5089.58 0.52 34.09 0.02     0.0 146.68
         eMudhra    EMUDHRA  613.20     5078.01 1.99 15.32 0.02     0.0  18.46
  Network People       NPST 1579.40     3063.29 0.51 69.23 0.02     0.0  18.26
  BLS E-Services       BLSE  224.87     2043.09 0.33 15.83 0.01     0.0  54.19
Expleo Solutions  EXPLEOSOL 1085.60     1684.82 1.12 21.47 0.03     0.0 171.57
Ivalue Infosolut     IVALUE  298.05     1595.76 0.80 25.77 0.19     0.0  34.75
 Excelsoft Tech.  EXCELSOFT  108.28     1246.13 1.64 16.42 0.10     0.0 288.24
    Unified Data     544406  383.35      770.15 0.57 47.86 0.00     0.0  48.86
     Sigma Solve      SIGMA   52.65      541.11 0.82 58.79 0.05     0.0  17.81
Exception ignored in: <function Chrome.__del__ at 0x0000022D01684F40>
Traceback (most recent call last):
  File "C:\Users\Basheer\GitHub\ai-stock-analysis-agent\venv\Lib\site-packages\undetected_chromedriver\__init__.py", line 843, in __del__
    self.quit()
  File "C:\Users\Basheer\GitHub\ai-stock-analysis-agent\venv\Lib\site-packages\undetected_chromedriver\__init__.py", line 798, in quit
    time.sleep(0.1)
OSError: [WinError 6] The handle is invalid
(venv) 
Basheer@ZABISK-LAPTOP MINGW64 ~/GitHub/ai-stock-analysis-agent (main)
$ python test_wrapper.py
ğŸš€ Starting Test on: https://www.screener.in/market/IN01/IN0101/IN010101/IN010101002/

... Logging in & Harvesting data...
2025-12-02 08:25:38,120 - ğŸšœ HARVESTER - Starting Harvest: https://www.screener.in/market/IN01/IN0101/IN010101/IN010101002/
2025-12-02 08:25:42,857 - ğŸšœ HARVESTER - ğŸ” Logging in to access custom columns...
2025-12-02 08:25:45,440 - ğŸšœ HARVESTER - âœ… Login Successful.
2025-12-02 08:25:48,863 - ğŸšœ HARVESTER - ğŸ¯ PROCESSING TARGET: 'Specialty Chemicals Companies'
2025-12-02 08:25:49,057 - ğŸšœ HARVESTER -    âœ… Page 1 scraped (53 rows)
2025-12-02 08:25:52,095 - ğŸšœ HARVESTER -    âœ… Page 2 scraped (53 rows)
2025-12-02 08:25:55,116 - ğŸšœ HARVESTER -    âœ… Page 3 scraped (21 rows)
2025-12-02 08:25:55,132 - ğŸšœ HARVESTER -    ğŸ›‘ Reached last page.
âœ… Harvest Success! Found 127 stocks.

... Applying 5/5 Financial Filters...
ğŸ“‹ Status: Found 8 qualifiers.

ğŸ† QUALIFIED SURVIVORS (8):
         Name   TickerID   Price  Market Cap  PEG  ROCE  D/E  Pledge    FCF
      Epigral    EPIGRAL 1500.90     6475.08 1.38 24.88 0.26     0.0 254.21
 Foseco India  FOSECOIND 5200.50     3321.28 1.29 31.34 0.00     0.0  26.84
DDev Plastiks DDEVPLSTIK  283.80     2936.67 0.30 33.92 0.05     0.0  79.53
Fineotex Chem        FCL   24.82     2877.88 1.16 23.76 0.00     0.0   1.41
 Jyoti Resins     514448 1171.55     1405.86 0.32 49.98 0.00     0.0  13.02
         Amal     506597  669.55      827.74 0.11 36.32 0.00     0.0  46.19
Nitta Gelatin     506532  825.15      749.24 0.32 24.65 0.05     0.0  51.68
   Kronox Lab     KRONOX  142.54      528.88 0.88 43.82 0.03     0.0  27.60
Exception ignored in: <function Chrome.__del__ at 0x000001AE539A4F40>
Traceback (most recent call last):
  File "C:\Users\Basheer\GitHub\ai-stock-analysis-agent\venv\Lib\site-packages\undetected_chromedriver\__init__.py", line 843, in __del__
    self.quit()
  File "C:\Users\Basheer\GitHub\ai-stock-analysis-agent\venv\Lib\site-packages\undetected_chromedriver\__init__.py", line 798, in quit
    time.sleep(0.1)
OSError: [WinError 6] The handle is invalid
(venv) 
Basheer@ZABISK-LAPTOP MINGW64 ~/GitHub/ai-stock-analysis-agent (main)
$ python test_wrapper.py
ğŸš€ Starting Test on: https://www.screener.in/market/IN08/IN0801/IN080101/IN080101001/

... Logging in & Harvesting data...
2025-12-02 08:26:39,793 - ğŸšœ HARVESTER - Starting Harvest: https://www.screener.in/market/IN08/IN0801/IN080101/IN080101001/
2025-12-02 08:26:45,055 - ğŸšœ HARVESTER - ğŸ” Logging in to access custom columns...
2025-12-02 08:26:47,620 - ğŸšœ HARVESTER - âœ… Login Successful.
2025-12-02 08:26:51,069 - ğŸšœ HARVESTER - ğŸ¯ PROCESSING TARGET: 'Computers - Software & Consulting Companies'
2025-12-02 08:26:51,161 - ğŸšœ HARVESTER -    âœ… Page 1 scraped (53 rows)
2025-12-02 08:26:55,096 - ğŸšœ HARVESTER -    âœ… Page 2 scraped (53 rows)
2025-12-02 08:26:58,192 - ğŸšœ HARVESTER -    âœ… Page 3 scraped (5 rows)
2025-12-02 08:26:58,212 - ğŸšœ HARVESTER -    ğŸ›‘ Reached last page.
âœ… Harvest Success! Found 111 stocks.

... Applying 5/5 Financial Filters...
ğŸ“‹ Status: Found 12 qualifiers.

ğŸ† QUALIFIED SURVIVORS (12):
            Name   TickerID   Price  Market Cap  PEG   ROCE  D/E  Pledge     FCF
KPIT Technologi.   KPITTECH 1258.20    34492.77 1.01  40.88 0.16     0.0 1262.20
    Zensar Tech. ZENSARTECH  745.95    16960.85 1.61  21.28 0.03     0.0  529.70
 Newgen Software     NEWGEN  880.05    12524.68 1.61  27.97 0.03     0.0  191.89
 Rategain Travel   RATEGAIN  688.90     8134.51 0.18  17.30 0.01     0.0  113.52
  Aurionpro Sol.  AURIONPRO 1089.80     6017.17 0.78  18.07 0.02     0.0   61.90
         Saksoft    SAKSOFT  203.30     2694.77 1.13  24.04 0.07     0.0  107.06
Accelya Solution    ACCELYA 1286.10     1919.67 0.81  53.61 0.22     0.0  125.66
 Innovana Think.   INNOVANA  472.25      975.67 0.69  25.60 0.19     0.0   19.06
   Ksolves India    KSOLVES  309.55      734.00 0.81 157.26 0.08     0.0   26.88
Mindteck (India)   MINDTECK  207.92      664.39 1.13  15.54 0.02     0.0   23.43
Trident Techlabs   TECHLABS  344.10      594.64 0.19  26.67 0.26     0.0   12.23
   Systango Tech   SYSTANGO  366.50      537.61 0.36  28.74 0.00     0.0   11.55
Exception ignored in: <function Chrome.__del__ at 0x000001ACF0484F40>
Traceback (most recent call last):
  File "C:\Users\Basheer\GitHub\ai-stock-analysis-agent\venv\Lib\site-packages\undetected_chromedriver\__init__.py", line 843, in __del__
    self.quit()
  File "C:\Users\Basheer\GitHub\ai-stock-analysis-agent\venv\Lib\site-packages\undetected_chromedriver\__init__.py", line 798, in quit
    time.sleep(0.1)
OSError: [WinError 6] The handle is invalid
(venv) 
Basheer@ZABISK-LAPTOP MINGW64 ~/GitHub/ai-stock-analysis-agent (main)



 QUALIFIED SURVIVORS (59):
            Name   TickerID   Price  Market Cap  PEG  ROCE  D/E  Pledge      FCF
Hind.Aeronautics        HAL 4510.00   301617.50 1.97 33.88 0.00     0.0 11889.89
   Cummins India CUMMINSIND 4561.50   126444.79 1.57 36.32 0.00     0.0  1454.93
   Polycab India    POLYCAB 7429.50   111842.47 1.55 29.72 0.02     0.0   852.91
           A B B        ABB 5190.00   109980.48 0.99 38.65 0.01     0.0  1118.10
    Mazagon Dock    MAZDOCK 2660.00   107299.09 0.80 43.19 0.00     0.0  1598.76
   Suzlon Energy     SUZLON   53.85    73243.99 0.12 32.52 0.05     0.0   723.54
  GE Vernova T&D      GVT&D 2850.85    72996.04 0.98 54.74 0.01     0.0   816.21
 AIA Engineering     AIAENG 3844.45    35876.52 1.66 18.92 0.14     0.0  1027.45
      Apar Inds.   APARINDS 8884.00    35685.51 0.79 32.70 0.14     0.0   783.72
            NBCC       NBCC  116.00    31320.00 1.58 33.17 0.00     0.0   337.69
 HBL Engineering  HBLENGINE  856.80    23750.09 0.75 27.33 0.04     0.0    88.58
    Welspun Corp    WELCORP  852.20    22464.58 0.32 21.24 0.19     0.0   690.08
Ratnamani Metals  RATNAMANI 2377.55    16664.73 1.45 21.51 0.06     0.0   230.44
 Triveni Turbine TRITURBINE  523.00    16625.47 1.14 41.36 0.03     0.0   143.89
Gallantt Ispat L   GALLANTT  590.25    14241.61 0.92 19.20 0.21     0.0   337.01
  Kirl. Brothers KIRLOSBROS 1674.95    13300.57 0.52 27.59 0.10     0.0   296.89
     Usha Martin   USHAMART  422.75    12882.96 1.98 18.75 0.09     0.0   190.81
  Jupiter Wagons        JWL  283.90    12051.52 0.45 21.49 0.21     0.0    91.42
  Ingersoll-Rand  INGERRAND 3724.80    11758.45 1.29 60.02 0.02     0.0   216.13
Action Const.Eq.        ACE  971.50    11568.94 0.48 40.11 0.08     0.0   206.46
 Engineers India ENGINERSIN  196.90    11066.62 0.34 25.01 0.01     0.0    68.27
 Waaree Renewab.  WAAREERTL 1056.60    11014.72 0.16 82.31 0.12     0.0   201.29
  Elecon Engg.Co     ELECON  489.30    10979.91 0.58 28.46 0.11     0.0   368.28
  Happy Forgings HAPPYFORGE 1053.65     9936.37 1.56 19.17 0.10     0.0    11.94
  Vesuvius India   VESUVIUS  481.40     9770.53 0.73 25.47 0.01     0.0    16.02
Time Technoplast TIMETECHNO  195.60     9655.49 0.84 17.35 0.22     0.0   274.82
       SKF India   SKFINDIA 1950.00     9640.40 1.36 28.83 0.00     0.0    72.37
 Garware Hi Tech GRWRHITECH 3772.75     8765.02 0.96 20.57 0.01     0.0   275.52
      Esab India  ESABINDIA 5683.00     8747.86 1.71 70.03 0.01     0.0   172.19
 Volt.Transform.    VOLTAMP 8022.30     8116.25 0.69 29.11 0.00     0.0   159.31
Ajax Engineering   AJAXENGG  617.50     7064.64 0.49 33.58 0.00     0.0    20.18
  Kirl.Pneumatic    KIRLPNU 1064.40     6912.20 0.95 28.27 0.00     0.0   137.14
          Subros     SUBROS  887.10     5787.11 0.55 19.95 0.02     0.0    58.42
    Surya Roshni SURYAROSNI  264.00     5745.63 0.92 20.70 0.05     0.0   252.97
  Kingfa Science     KINGFA 4201.05     5693.01 0.76 30.55 0.01     0.0    29.61
Quality Power El     QPOWER  726.60     5627.11 1.20 26.60 0.08     0.0    38.55
    AGI Greenpac        AGI  770.95     4987.86 0.77 19.89 0.21     0.0   181.16
  Swaraj Engines  SWARAJENG 3833.45     4656.69 1.75 56.21 0.00     0.0   152.36
  Shilchar Tech.  SHILCTECH 4018.50     4597.26 0.22 71.30 0.00     0.0    21.17
   Shanthi Gears SHANTIGEAR  470.00     3605.65 1.24 34.87 0.00     0.0    66.69
Marine Electric.     MARINE  226.85     3129.27 1.64 16.06 0.13     0.0    34.63
Jash Engineering       JASH  458.25     2882.62 0.94 24.95 0.25     0.0    10.37
       Indosolar WAAREEINDO  582.85     2424.88 0.14 77.05 0.02     0.0    65.01
       Steelcast   STEELCAS  218.80     2214.26 0.84 32.94 0.00     0.0    57.28
Pix Transmission   PIXTRANS 1452.00     1979.07 1.15 26.87 0.05     0.0    88.90
   Advait Energy     543230 1701.95     1861.41 0.58 26.87 0.27     0.0    32.43
    Ador Welding       ADOR 1066.90     1856.71 1.61 20.28 0.00     0.0    97.55
  Dynamic Cables       DYCL  335.25     1624.57 0.75 26.37 0.19     0.0    31.77
 Rajoo Engineers   RAJOOENG   72.00     1286.47 0.65 32.62 0.05     0.0    54.24
 Paramount Comm. PARACABLES   39.05     1191.15 0.14 16.30 0.14     0.0    43.71
Mamata Machinery     MAMATA  420.75     1035.37 1.02 34.92 0.04     0.0    70.59
Gandhi Spl. Tube GANDHITUBE  769.35      934.92 1.12 27.53 0.00     0.0    43.42
 Eimco Elecon(I) EIMCOELECO 1599.35      922.82 0.29 15.95 0.00     0.0    27.32
Taneja Aerospace     522229  327.25      834.51 1.66 17.45 0.00     0.0    24.87
 Australian Prem        APS  410.15      826.87 0.11 70.83 0.23     0.0     9.30
 Arrow Greentech ARROWGREEN  536.00      808.71 0.15 53.25 0.01     0.0    60.83
        Kamdhenu   KAMDHENU   26.27      740.50 0.34 28.91 0.00     0.0    55.64
  Uni Abex Alloy     504605 3474.00      686.12 0.50 31.90 0.12     0.0    29.86
   Prakash Pipes        PPL  249.70      597.26 0.53 26.83 0.03     0.0    14.85
$


2025-12-02 10:16:58,288 - ğŸšœ HARVESTER - âœ… Login Successful.
2025-12-02 10:17:01,855 - ğŸšœ HARVESTER - ğŸ¯ PROCESSING TARGET: 'Other Textile Products Companies'
2025-12-02 10:17:02,006 - ğŸšœ HARVESTER -    âœ… Page 1 scraped (53 rows)
2025-12-02 10:17:04,784 - ğŸšœ HARVESTER -    âœ… Page 2 scraped (53 rows)
2025-12-02 10:17:08,324 - ğŸšœ HARVESTER -    âœ… Page 3 scraped (53 rows)
2025-12-02 10:17:11,992 - ğŸšœ HARVESTER -    âœ… Page 4 scraped (53 rows)
2025-12-02 10:17:14,724 - ğŸšœ HARVESTER -    âœ… Page 5 scraped (53 rows)
2025-12-02 10:17:18,820 - ğŸšœ HARVESTER -    âœ… Page 6 scraped (17 rows)
2025-12-02 10:17:18,829 - ğŸšœ HARVESTER -    ğŸ›‘ Reached last page.
âœ… Harvest Success! Found 282 stocks.

... Applying 5/5 Financial Filters...
ğŸ“‹ Status: Found 2 qualifiers.

ğŸ† QUALIFIED SURVIVORS (2):
         Name TickerID  Price  Market Cap  PEG  ROCE  D/E  Pledge   FCF
Borana Weaves   BORANA 280.35      747.01 0.08 41.21 0.18     0.0 15.50
Orbit Exports  ORBTEXP 200.00      530.22 0.62 17.05 0.04     0.0 36.83
Exception ignored in: <function Chrome.__del__ at 0x0000025E28854F40>
Traceback (most recent call last):
  File "C:\Users\Basheer\GitHub\ai-stock-analysis-agent\venv\Lib\site-packages\undetected_chromedriver\__init__.py", line 843, in __del__
    self.quit()
  File "C:\Users\Basheer\GitHub\ai-stock-analysis-agent\venv\Lib\site-packages\undetected_chromedriver\__init__.py", line 798, in quit
    time.sleep(0.1)
OSError: [WinError 6] The handle is invalid
(venv) 
Basheer@ZABISK-LAPTOP MINGW64 ~/GitHub/ai-stock-analysis-agent (main)
$ python test_wrapper.py
ğŸš€ Starting Test on: https://www.screener.in/market/IN04/IN0401/IN040104/IN040104004/

... Logging in & Harvesting data...
2025-12-02 10:18:50,138 - ğŸšœ HARVESTER - Starting Harvest: https://www.screener.in/market/IN04/IN0401/IN040104/IN040104004/
2025-12-02 10:18:56,165 - ğŸšœ HARVESTER - ğŸ” Logging in to access custom columns...
2025-12-02 10:18:59,095 - ğŸšœ HARVESTER - âœ… Login Successful.
2025-12-02 10:19:02,632 - ğŸšœ HARVESTER - ğŸ¯ PROCESSING TARGET: 'Packaged Foods Companies'
2025-12-02 10:19:02,719 - ğŸšœ HARVESTER -    âœ… Page 1 scraped (52 rows)
2025-12-02 10:19:02,729 - ğŸšœ HARVESTER -    ğŸ›‘ Reached last page.
âœ… Harvest Success! Found 52 stocks.

... Applying 5/5 Financial Filters...
ğŸ“‹ Status: Found 0 qualifiers.

âš ï¸ No stocks passed the strict filters.
Exception ignored in: <function Chrome.__del__ at 0x000002C0FB5D4F40>
Traceback (most recent call last):
  File "C:\Users\Basheer\GitHub\ai-stock-analysis-agent\venv\Lib\site-packages\undetected_chromedriver\__init__.py", line 843, in __del__
    self.quit()
  File "C:\Users\Basheer\GitHub\ai-stock-analysis-agent\venv\Lib\site-packages\undetected_chromedriver\__init__.py", line 798, in quit
    time.sleep(0.1)
OSError: [WinError 6] The handle is invalid
(venv) 
Basheer@ZABISK-LAPTOP MINGW64 ~/GitHub/ai-stock-analysis-agent (main)
$ python test_wrapper.py
ğŸš€ Starting Test on: https://www.screener.in/market/IN07/IN0702/IN070205/IN070205008/

... Logging in & Harvesting data...
2025-12-02 10:21:59,941 - ğŸšœ HARVESTER - Starting Harvest: https://www.screener.in/market/IN07/IN0702/IN070205/IN070205008/
2025-12-02 10:22:06,929 - ğŸšœ HARVESTER - ğŸ” Logging in to access custom columns...
2025-12-02 10:22:10,840 - ğŸšœ HARVESTER - âœ… Login Successful.
2025-12-02 10:22:14,255 - ğŸšœ HARVESTER - ğŸ¯ PROCESSING TARGET: 'Packaging Companies'
2025-12-02 10:22:14,325 - ğŸšœ HARVESTER -    âœ… Page 1 scraped (53 rows)
2025-12-02 10:22:18,108 - ğŸšœ HARVESTER -    âœ… Page 2 scraped (43 rows)
2025-12-02 10:22:18,108 - ğŸšœ HARVESTER -    ğŸ›‘ Reached last page.
âœ… Harvest Success! Found 96 stocks.

... Applying 5/5 Financial Filters...
ğŸ“‹ Status: Found 2 qualifiers.

ğŸ† QUALIFIED SURVIVORS (2):
           Name   TickerID  Price  Market Cap  PEG  ROCE  D/E  Pledge    FCF
   AGI Greenpac        AGI 770.80     4986.88 0.77 19.89 0.21     0.0 181.16
Arrow Greentech ARROWGREEN 543.95      820.70 0.15 53.25 0.01     0.0  60.83
Exception ignored in: <function Chrome.__del__ at 0x000001F4EBD54F40>
Traceback (most recent call last):
  File "C:\Users\Basheer\GitHub\ai-stock-analysis-agent\venv\Lib\site-packages\undetected_chromedriver\__init__.py", line 843, in __del__
    self.quit()
  File "C:\Users\Basheer\GitHub\ai-stock-analysis-agent\venv\Lib\site-packages\undetected_chromedriver\__init__.py", line 798, in quit
    time.sleep(0.1)
OSError: [WinError 6] The handle is invalid
(venv) 
Basheer@ZABISK-LAPTOP MINGW64 ~/GitHub/ai-stock-analysis-agent (main)
$ python test_wrapper.py
ğŸš€ Starting Test on: https://www.screener.in/market/IN01/IN0101/IN010102/IN010102002/

... Logging in & Harvesting data...
2025-12-02 10:23:19,159 - ğŸšœ HARVESTER - Starting Harvest: https://www.screener.in/market/IN01/IN0101/IN010102/IN010102002/
2025-12-02 10:23:26,843 - ğŸšœ HARVESTER - ğŸ” Logging in to access custom columns...
2025-12-02 10:23:29,363 - ğŸšœ HARVESTER - âœ… Login Successful.
2025-12-02 10:23:32,757 - ğŸšœ HARVESTER - ğŸ¯ PROCESSING TARGET: 'Pesticides & Agrochemicals Companies'
2025-12-02 10:23:32,820 - ğŸšœ HARVESTER -    âœ… Page 1 scraped (34 rows)
2025-12-02 10:23:32,830 - ğŸšœ HARVESTER -    ğŸ›‘ Reached last page.
âœ… Harvest Success! Found 34 stocks.

... Applying 5/5 Financial Filters...
ğŸ“‹ Status: Found 3 qualifiers.

ğŸ† QUALIFIED SURVIVORS (3):
            Name   TickerID   Price  Market Cap  PEG  ROCE  D/E  Pledge    FCF
  P I Industries      PIIND 3347.55    50788.41 1.32 22.86 0.02     0.0 575.10
Dhanuka Agritech    DHANUKA 1244.00     5607.74 1.60 28.29 0.02     0.0  73.50
Insecticid.India INSECTICID  719.00     2092.14 1.50 17.43 0.20     0.0  58.79
Exception ignored in: <function Chrome.__del__ at 0x000002C3F89F4F40>
Traceback (most recent call last):
  File "C:\Users\Basheer\GitHub\ai-stock-analysis-agent\venv\Lib\site-packages\undetected_chromedriver\__init__.py", line 843, in __del__
    self.quit()
  File "C:\Users\Basheer\GitHub\ai-stock-analysis-agent\venv\Lib\site-packages\undetected_chromedriver\__init__.py", line 798, in quit
    time.sleep(0.1)
OSError: [WinError 6] The handle is invalid
(venv) 
Basheer@ZABISK-LAPTOP MINGW64 ~/GitHub/ai-stock-analysis-agent (main)
$ python test_wrapper.py
ğŸš€ Starting Test on: https://www.screener.in/market/IN01/IN0104/IN010401/IN010401001/

... Logging in & Harvesting data...
2025-12-02 10:24:04,753 - ğŸšœ HARVESTER - Starting Harvest: https://www.screener.in/market/IN01/IN0104/IN010401/IN010401001/
2025-12-02 10:24:10,986 - ğŸšœ HARVESTER - ğŸ” Logging in to access custom columns...
2025-12-02 10:24:14,344 - ğŸšœ HARVESTER - âœ… Login Successful.
2025-12-02 10:24:17,805 - ğŸšœ HARVESTER - ğŸ¯ PROCESSING TARGET: 'Paper & Paper Products Companies'
2025-12-02 10:24:17,948 - ğŸšœ HARVESTER -    âœ… Page 1 scraped (53 rows)
2025-12-02 10:24:21,866 - ğŸšœ HARVESTER -    âœ… Page 2 scraped (3 rows)
2025-12-02 10:24:21,866 - ğŸšœ HARVESTER -    ğŸ›‘ Reached last page.
âœ… Harvest Success! Found 56 stocks.

... Applying 5/5 Financial Filters...
ğŸ“‹ Status: Found 1 qualifiers.

ğŸ† QUALIFIED SURVIVORS (1):
          Name   TickerID  Price  Market Cap  PEG  ROCE  D/E  Pledge   FCF
Pudumjee Paper PDMJEPAPER   99.6      945.71 0.37 22.35 0.02     0.0 56.63
Exception ignored in: <function Chrome.__del__ at 0x0000026C1E524F40>
Traceback (most recent call last):
  File "C:\Users\Basheer\GitHub\ai-stock-analysis-agent\venv\Lib\site-packages\undetected_chromedriver\__init__.py", line 843, in __del__
    self.quit()
  File "C:\Users\Basheer\GitHub\ai-stock-analysis-agent\venv\Lib\site-packages\undetected_chromedriver\__init__.py", line 798, in quit
    time.sleep(0.1)
OSError: [WinError 6] The handle is invalid
(venv) 
Basheer@ZABISK-LAPTOP MINGW64 ~/GitHub/ai-stock-analysis-agent (main)
$ python test_wrapper.py
ğŸš€ Starting Test on: https://www.screener.in/market/IN01/IN0101/IN010101/IN010101006/

... Logging in & Harvesting data...
2025-12-02 10:24:42,758 - ğŸšœ HARVESTER - Starting Harvest: https://www.screener.in/market/IN01/IN0101/IN010101/IN010101006/
2025-12-02 10:24:48,679 - ğŸšœ HARVESTER - ğŸ” Logging in to access custom columns...
2025-12-02 10:24:51,261 - ğŸšœ HARVESTER - âœ… Login Successful.
2025-12-02 10:24:54,922 - ğŸšœ HARVESTER - ğŸ¯ PROCESSING TARGET: 'Petrochemicals Companies'
2025-12-02 10:24:54,988 - ğŸšœ HARVESTER -    âœ… Page 1 scraped (17 rows)
2025-12-02 10:24:54,998 - ğŸšœ HARVESTER -    ğŸ›‘ Reached last page.
âœ… Harvest Success! Found 17 stocks.

... Applying 5/5 Financial Filters...
ğŸ“‹ Status: Found 0 qualifiers.

âš ï¸ No stocks passed the strict filters.
Exception ignored in: <function Chrome.__del__ at 0x0000023D81414F40>
Traceback (most recent call last):
  File "C:\Users\Basheer\GitHub\ai-stock-analysis-agent\venv\Lib\site-packages\undetected_chromedriver\__init__.py", line 843, in __del__
    self.quit()
  File "C:\Users\Basheer\GitHub\ai-stock-analysis-agent\venv\Lib\site-packages\undetected_chromedriver\__init__.py", line 798, in quit
    time.sleep(0.1)
OSError: [WinError 6] The handle is invalid
(venv) 
Basheer@ZABISK-LAPTOP MINGW64 ~/GitHub/ai-stock-analysis-agent (main)
$ python test_wrapper.py
ğŸš€ Starting Test on: https://www.screener.in/market/IN06/IN0601/IN060101/IN060101001/

... Logging in & Harvesting data...
2025-12-02 10:25:17,622 - ğŸšœ HARVESTER - Starting Harvest: https://www.screener.in/market/IN06/IN0601/IN060101/IN060101001/
2025-12-02 10:25:23,418 - ğŸšœ HARVESTER - ğŸ” Logging in to access custom columns...
2025-12-02 10:25:25,877 - ğŸšœ HARVESTER - âœ… Login Successful.
2025-12-02 10:25:29,341 - ğŸšœ HARVESTER - ğŸ¯ PROCESSING TARGET: 'Pharmaceuticals Companies'
2025-12-02 10:25:29,521 - ğŸšœ HARVESTER -    âœ… Page 1 scraped (53 rows)
2025-12-02 10:25:32,901 - ğŸšœ HARVESTER -    âœ… Page 2 scraped (53 rows)
2025-12-02 10:25:36,666 - ğŸšœ HARVESTER -    âœ… Page 3 scraped (53 rows)
2025-12-02 10:25:40,221 - ğŸšœ HARVESTER -    âœ… Page 4 scraped (53 rows)
2025-12-02 10:25:42,968 - ğŸšœ HARVESTER -    âœ… Page 5 scraped (13 rows)
2025-12-02 10:25:42,983 - ğŸšœ HARVESTER -    ğŸ›‘ Reached last page.
âœ… Harvest Success! Found 225 stocks.

... Applying 5/5 Financial Filters...
ğŸ“‹ Status: Found 19 qualifiers.

ğŸ† QUALIFIED SURVIVORS (19):
            Name   TickerID    Price  Market Cap  PEG  ROCE  D/E  Pledge     FCF
           Cipla      CIPLA  1519.55   122744.90 0.87 22.72 0.01     0.0 3490.18
 Dr Reddy's Labs    DRREDDY  1270.30   106021.97 0.48 22.69 0.16     0.0 1327.40
    Abbott India ABBOTINDIA 29400.00    62474.99 1.97 46.25 0.05     0.0  959.76
 J B Chemicals & JBCHEPHARM  1757.35    27528.60 1.79 25.79 0.01     0.0  783.25
    Natco Pharma NATCOPHARM   942.00    16872.15 0.08 32.78 0.03     0.0 1300.30
 Concord Biotech CONCORDBIO  1432.05    14981.58 1.68 28.25 0.00     0.0  133.55
Caplin Point Lab CAPLIPOINT  1904.50    14476.42 1.14 25.85 0.00     0.0  240.85
 Marksans Pharma   MARKSANS   192.50     8723.36 0.91 20.03 0.12     0.0   34.99
     Akums Drugs      AKUMS   421.15     6628.65 0.44 16.20 0.03     0.0  201.44
RPG LifeScience.    RPGLIFE  2219.20     3670.33 1.05 32.80 0.00     0.0  151.30
  Novartis India  NOVARTIND   810.55     2001.33 0.54 17.00 0.01     0.0   74.89
 Windlas Biotech    WINDLAS   778.70     1641.28 1.43 16.96 0.06     0.0   16.20
  Shukra Pharma.     524632    37.29     1632.84 1.02 21.80 0.06     0.0    5.18
  Syncom Formul.    SYNCOMF    15.59     1465.46 0.67 18.59 0.00     0.0   13.35
Jagsonpal Pharma JAGSNPHARM   213.50     1425.79 1.11 22.95 0.03     0.0   90.67
Fermenta Biotec.     506414   274.20      806.99 0.10 22.97 0.29     0.0   38.02
     Anuh Pharma    ANUHPHR    79.96      801.39 1.58 17.24 0.00     0.0   16.97
Shree Ganesh Rem     540737   466.90      599.39 1.53 19.21 0.24     0.0    7.48
 Jenburkt Pharma     524731  1143.00      504.44 1.23 27.18 0.01     0.0    8.20
Exception ignored in: <function Chrome.__del__ at 0x00000197F7E54F40>
Traceback (most recent call last):
  File "C:\Users\Basheer\GitHub\ai-stock-analysis-agent\venv\Lib\site-packages\undetected_chromedriver\__init__.py", line 843, in __del__
    self.quit()
  File "C:\Users\Basheer\GitHub\ai-stock-analysis-agent\venv\Lib\site-packages\undetected_chromedriver\__init__.py", line 798, in quit
    time.sleep(0.1)
OSError: [WinError 6] The handle is invalid
(venv) 
Basheer@ZABISK-LAPTOP MINGW64 ~/GitHub/ai-stock-analysis-agent (main)
$ python test_wrapper.py
ğŸš€ Starting Test on: https://www.screener.in/market/IN09/IN0901/IN090103/IN090103002/

... Logging in & Harvesting data...
2025-12-02 10:27:35,790 - ğŸšœ HARVESTER - Starting Harvest: https://www.screener.in/market/IN09/IN0901/IN090103/IN090103002/
2025-12-02 10:27:41,975 - ğŸšœ HARVESTER - ğŸ” Logging in to access custom columns...
2025-12-02 10:27:45,883 - ğŸšœ HARVESTER - âœ… Login Successful.
2025-12-02 10:27:49,261 - ğŸšœ HARVESTER - ğŸ¯ PROCESSING TARGET: 'Port & Port services Companies'
2025-12-02 10:27:49,309 - ğŸšœ HARVESTER -    âœ… Page 1 scraped (6 rows)
2025-12-02 10:27:49,320 - ğŸšœ HARVESTER -    ğŸ›‘ Reached last page.
âœ… Harvest Success! Found 6 stocks.

... Applying 5/5 Financial Filters...
ğŸ“‹ Status: Found 1 qualifiers.

ğŸ† QUALIFIED SURVIVORS (1):
            Name TickerID  Price  Market Cap  PEG  ROCE  D/E  Pledge    FCF
Guj Pipavav Port     GPPL  182.2     8808.29 0.77 24.89 0.02     0.0 350.71
Exception ignored in: <function Chrome.__del__ at 0x00000144AB464F40>
Traceback (most recent call last):
  File "C:\Users\Basheer\GitHub\ai-stock-analysis-agent\venv\Lib\site-packages\undetected_chromedriver\__init__.py", line 843, in __del__
    self.quit()
  File "C:\Users\Basheer\GitHub\ai-stock-analysis-agent\venv\Lib\site-packages\undetected_chromedriver\__init__.py", line 798, in quit
    time.sleep(0.1)
OSError: [WinError 6] The handle is invalid
(venv) 
Basheer@ZABISK-LAPTOP MINGW64 ~/GitHub/ai-stock-analysis-agent (main)
$ python test_wrapper.py
ğŸš€ Starting Test on: https://www.screener.in/market/IN11/IN1101/IN110101/IN110101004/

... Logging in & Harvesting data...
2025-12-02 10:28:12,388 - ğŸšœ HARVESTER - Starting Harvest: https://www.screener.in/market/IN11/IN1101/IN110101/IN110101004/
2025-12-02 10:28:18,808 - ğŸšœ HARVESTER - ğŸ” Logging in to access custom columns...
2025-12-02 10:28:21,122 - ğŸšœ HARVESTER - âœ… Login Successful.
2025-12-02 10:28:24,590 - ğŸšœ HARVESTER - ğŸ¯ PROCESSING TARGET: 'Power Generation Companies'
2025-12-02 10:28:24,686 - ğŸšœ HARVESTER -    âœ… Page 1 scraped (35 rows)
2025-12-02 10:28:24,702 - ğŸšœ HARVESTER -    ğŸ›‘ Reached last page.
âœ… Harvest Success! Found 35 stocks.

... Applying 5/5 Financial Filters...
ğŸ“‹ Status: Found 1 qualifiers.

ğŸ† QUALIFIED SURVIVORS (1):
Name TickerID  Price  Market Cap  PEG  ROCE  D/E  Pledge     FCF
Nava     NAVA 521.55    14759.94 0.66 17.17  0.2     0.0 1305.29
Exception ignored in: <function Chrome.__del__ at 0x0000017687194F40>
Traceback (most recent call last):
  File "C:\Users\Basheer\GitHub\ai-stock-analysis-agent\venv\Lib\site-packages\undetected_chromedriver\__init__.py", line 843, in __del__
    self.quit()
  File "C:\Users\Basheer\GitHub\ai-stock-analysis-agent\venv\Lib\site-packages\undetected_chromedriver\__init__.py", line 798, in quit
    time.sleep(0.1)
OSError: [WinError 6] The handle is invalid
(venv) 
Basheer@ZABISK-LAPTOP MINGW64 ~/GitHub/ai-stock-analysis-agent (main)
$ python test_wrapper.py
ğŸš€ Starting Test on: https://www.screener.in/market/IN04/IN0401/IN040106/IN040106004/

... Logging in & Harvesting data...
2025-12-02 10:30:22,479 - ğŸšœ HARVESTER - Starting Harvest: https://www.screener.in/market/IN04/IN0401/IN040106/IN040106004/
2025-12-02 10:30:29,625 - ğŸšœ HARVESTER - ğŸ” Logging in to access custom columns...
2025-12-02 10:30:32,300 - ğŸšœ HARVESTER - âœ… Login Successful.
2025-12-02 10:30:35,785 - ğŸšœ HARVESTER - ğŸ¯ PROCESSING TARGET: 'Stationary Companies'
2025-12-02 10:30:35,853 - ğŸšœ HARVESTER -    âœ… Page 1 scraped (7 rows)
2025-12-02 10:30:35,864 - ğŸšœ HARVESTER -    ğŸ›‘ Reached last page.
âœ… Harvest Success! Found 7 stocks.

... Applying 5/5 Financial Filters...
ğŸ“‹ Status: Found 1 qualifiers.

ğŸ† QUALIFIED SURVIVORS (1):
Name TickerID  Price  Market Cap  PEG  ROCE  D/E  Pledge   FCF
Linc     LINC  120.3      715.65 0.28 22.43 0.08     0.0 40.64
Exception ignored in: <function Chrome.__del__ at 0x000001BA726D4F40>
Traceback (most recent call last):
  File "C:\Users\Basheer\GitHub\ai-stock-analysis-agent\venv\Lib\site-packages\undetected_chromedriver\__init__.py", line 843, in __del__
    self.quit()
  File "C:\Users\Basheer\GitHub\ai-stock-analysis-agent\venv\Lib\site-packages\undetected_chromedriver\__init__.py", line 798, in quit
    time.sleep(0.1)
OSError: [WinError 6] The handle is invalid
(venv) 
Basheer@ZABISK-LAPTOP MINGW64 ~/GitHub/ai-stock-analysis-agent (main)
$ python test_wrapper.py
ğŸš€ Starting Test on: https://www.screener.in/market/IN10/IN1001/IN100102/IN100102001/

... Logging in & Harvesting data...
2025-12-02 10:31:22,150 - ğŸšœ HARVESTER - Starting Harvest: https://www.screener.in/market/IN10/IN1001/IN100102/IN100102001/
2025-12-02 10:31:28,681 - ğŸšœ HARVESTER - ğŸ” Logging in to access custom columns...
2025-12-02 10:31:31,618 - ğŸšœ HARVESTER - âœ… Login Successful.
2025-12-02 10:31:34,982 - ğŸšœ HARVESTER - ğŸ¯ PROCESSING TARGET: 'Telecom - Equipment & Accessories Companies'
2025-12-02 10:31:35,064 - ğŸšœ HARVESTER -    âœ… Page 1 scraped (15 rows)
2025-12-02 10:31:35,075 - ğŸšœ HARVESTER -    ğŸ›‘ Reached last page.
âœ… Harvest Success! Found 15 stocks.

... Applying 5/5 Financial Filters...
ğŸ“‹ Status: Found 0 qualifiers.

âš ï¸ No stocks passed the strict filters.
Exception ignored in: <function Chrome.__del__ at 0x000002A8A9B14F40>
Traceback (most recent call last):
  File "C:\Users\Basheer\GitHub\ai-stock-analysis-agent\venv\Lib\site-packages\undetected_chromedriver\__init__.py", line 843, in __del__
    self.quit()
  File "C:\Users\Basheer\GitHub\ai-stock-analysis-agent\venv\Lib\site-packages\undetected_chromedriver\__init__.py", line 798, in quit
    time.sleep(0.1)
OSError: [WinError 6] The handle is invalid
(venv) 
Basheer@ZABISK-LAPTOP MINGW64 ~/GitHub/ai-stock-analysis-agent (main)
$ python test_wrapper.py
ğŸš€ Starting Test on: https://www.screener.in/market/IN09/IN0901/IN090104/IN090104001/

... Logging in & Harvesting data...
2025-12-02 10:33:57,120 - ğŸšœ HARVESTER - Starting Harvest: https://www.screener.in/market/IN09/IN0901/IN090104/IN090104001/
2025-12-02 10:34:03,712 - ğŸšœ HARVESTER - ğŸ” Logging in to access custom columns...
2025-12-02 10:34:06,765 - ğŸšœ HARVESTER - âœ… Login Successful.
2025-12-02 10:34:10,184 - ğŸšœ HARVESTER - ğŸ¯ PROCESSING TARGET: 'Trading & Distributors Companies'
2025-12-02 10:34:10,284 - ğŸšœ HARVESTER -    âœ… Page 1 scraped (53 rows)
2025-12-02 10:34:14,501 - ğŸšœ HARVESTER -    âœ… Page 2 scraped (53 rows)
2025-12-02 10:34:17,820 - ğŸšœ HARVESTER -    âœ… Page 3 scraped (53 rows)
2025-12-02 10:34:20,660 - ğŸšœ HARVESTER -    âœ… Page 4 scraped (52 rows)
2025-12-02 10:34:20,668 - ğŸšœ HARVESTER -    ğŸ›‘ Reached last page.
âœ… Harvest Success! Found 211 stocks.

... Applying 5/5 Financial Filters...
ğŸ“‹ Status: Found 1 qualifiers.

ğŸ† QUALIFIED SURVIVORS (1):
            Name  TickerID  Price  Market Cap  PEG  ROCE  D/E  Pledge   FCF
Oswal Agro Mills OSWALAGRO  60.99      818.67 0.08 16.29  0.0     0.0 74.49
Exception ignored in: <function Chrome.__del__ at 0x00000279B2304F40>
Traceback (most recent call last):
  File "C:\Users\Basheer\GitHub\ai-stock-analysis-agent\venv\Lib\site-packages\undetected_chromedriver\__init__.py", line 843, in __del__
    self.quit()
  File "C:\Users\Basheer\GitHub\ai-stock-analysis-agent\venv\Lib\site-packages\undetected_chromedriver\__init__.py", line 798, in quit
    time.sleep(0.1)
OSError: [WinError 6] The handle is invalid
(venv) 
Basheer@ZABISK-LAPTOP MINGW64 ~/GitHub/ai-stock-analysis-agent (main)
$ python test_wrapper.py
ğŸš€ Starting Test on: https://www.screener.in/market/IN02/IN0201/IN020102/IN020102006/

... Logging in & Harvesting data...
2025-12-02 10:34:54,439 - ğŸšœ HARVESTER - Starting Harvest: https://www.screener.in/market/IN02/IN0201/IN020102/IN020102006/
2025-12-02 10:35:01,220 - ğŸšœ HARVESTER - ğŸ” Logging in to access custom columns...
2025-12-02 10:35:04,029 - ğŸšœ HARVESTER - âœ… Login Successful.
2025-12-02 10:35:07,493 - ğŸšœ HARVESTER - ğŸ¯ PROCESSING TARGET: 'Tyres & Rubber Products Companies'
2025-12-02 10:35:07,560 - ğŸšœ HARVESTER -    âœ… Page 1 scraped (21 rows)
2025-12-02 10:35:07,569 - ğŸšœ HARVESTER -    ğŸ›‘ Reached last page.
âœ… Harvest Success! Found 21 stocks.

... Applying 5/5 Financial Filters...
ğŸ“‹ Status: Found 0 qualifiers.

âš ï¸ No stocks passed the strict filters.
Exception ignored in: <function Chrome.__del__ at 0x000002098AE94F40>
Traceback (most recent call last):
  File "C:\Users\Basheer\GitHub\ai-stock-analysis-agent\venv\Lib\site-packages\undetected_chromedriver\__init__.py", line 843, in __del__
    self.quit()
  File "C:\Users\Basheer\GitHub\ai-stock-analysis-agent\venv\Lib\site-packages\undetected_chromedriver\__init__.py", line 798, in quit
    time.sleep(0.1)
OSError: [WinError 6] The handle is invalid
(venv) 
Basheer@ZABISK-LAPTOP MINGW64 ~/GitHub/ai-stock-analysis-agent (main)
$ python test_wrapper.py
ğŸš€ Starting Test on: https://www.screener.in/market/IN11/IN1102/IN110201/IN110201002/

... Logging in & Harvesting data...
2025-12-02 10:35:48,765 - ğŸšœ HARVESTER - Starting Harvest: https://www.screener.in/market/IN11/IN1102/IN110201/IN110201002/
2025-12-02 10:35:58,494 - ğŸšœ HARVESTER - ğŸ” Logging in to access custom columns...
2025-12-02 10:36:01,006 - ğŸšœ HARVESTER - âœ… Login Successful.
2025-12-02 10:36:04,443 - ğŸšœ HARVESTER - ğŸ¯ PROCESSING TARGET: 'Waste Management Companies'
2025-12-02 10:36:04,495 - ğŸšœ HARVESTER -    âœ… Page 1 scraped (15 rows)
2025-12-02 10:36:04,495 - ğŸšœ HARVESTER -    ğŸ›‘ Reached last page.
âœ… Harvest Success! Found 15 stocks.

... Applying 5/5 Financial Filters...
ğŸ“‹ Status: Found 0 qualifiers.

âš ï¸ No stocks passed the strict filters.
Exception ignored in: <function Chrome.__del__ at 0x00000273777F4F40>
Traceback (most recent call last):
  File "C:\Users\Basheer\GitHub\ai-stock-analysis-agent\venv\Lib\site-packages\undetected_chromedriver\__init__.py", line 843, in __del__
    self.quit()
  File "C:\Users\Basheer\GitHub\ai-stock-analysis-agent\venv\Lib\site-packages\undetected_chromedriver\__init__.py", line 798, in quit
    time.sleep(0.1)
OSError: [WinError 6] The handle is invalid
(venv) 
Basheer@ZABISK-LAPTOP MINGW64 ~/GitHub/ai-stock-analysis-agent (main)
$ python test_wrapper.py
ğŸš€ Starting Test on: https://www.screener.in/market/IN11/IN1102/IN110201/IN110201001/

... Logging in & Harvesting data...
2025-12-02 10:36:34,985 - ğŸšœ HARVESTER - Starting Harvest: https://www.screener.in/market/IN11/IN1102/IN110201/IN110201001/
2025-12-02 10:36:40,860 - ğŸšœ HARVESTER - ğŸ” Logging in to access custom columns...
2025-12-02 10:36:43,263 - ğŸšœ HARVESTER - âœ… Login Successful.
2025-12-02 10:36:46,639 - ğŸšœ HARVESTER - ğŸ¯ PROCESSING TARGET: 'Water Supply & Management Companies'
2025-12-02 10:36:46,688 - ğŸšœ HARVESTER -    âœ… Page 1 scraped (8 rows)
2025-12-02 10:36:46,688 - ğŸšœ HARVESTER -    ğŸ›‘ Reached last page.
âœ… Harvest Success! Found 8 stocks.

... Applying 5/5 Financial Filters...
ğŸ“‹ Status: Found 1 qualifiers.

ğŸ† QUALIFIED SURVIVORS (1):
         Name TickerID  Price  Market Cap  PEG  ROCE  D/E  Pledge   FCF
Va Tech Wabag    WABAG 1379.1      8591.0 0.84  19.7  0.1     0.0 351.2
Exception ignored in: <function Chrome.__del__ at 0x0000023074C34F40>
Traceback (most recent call last):
  File "C:\Users\Basheer\GitHub\ai-stock-analysis-agent\venv\Lib\site-packages\undetected_chromedriver\__init__.py", line 843, in __del__
    self.quit()
  File "C:\Users\Basheer\GitHub\ai-stock-analysis-agent\venv\Lib\site-packages\undetected_chromedriver\__init__.py", line 798, in quit
    time.sleep(0.1)
OSError: [WinError 6] The handle is invalid
(venv) 
Basheer@ZABISK-LAPTOP MINGW64 ~/GitHub/ai-stock-analysis-agent (main)
$ python test_wrapper.py
ğŸš€ Starting Test on: https://www.screener.in/market/IN07/IN0702/IN070201/IN070201001/

... Logging in & Harvesting data...
2025-12-02 10:38:55,117 - ğŸšœ HARVESTER - Starting Harvest: https://www.screener.in/market/IN07/IN0702/IN070201/IN070201001/
2025-12-02 10:39:01,308 - ğŸšœ HARVESTER - ğŸ” Logging in to access custom columns...
2025-12-02 10:39:04,226 - ğŸšœ HARVESTER - âœ… Login Successful.
2025-12-02 10:39:07,690 - ğŸšœ HARVESTER - ğŸ¯ PROCESSING TARGET: 'Aerospace & Defense Companies'
2025-12-02 10:39:07,773 - ğŸšœ HARVESTER -    âœ… Page 1 scraped (26 rows)
2025-12-02 10:39:07,783 - ğŸšœ HARVESTER -    ğŸ›‘ Reached last page.
âœ… Harvest Success! Found 26 stocks.

... Applying 5/5 Financial Filters...
ğŸ“‹ Status: Found 2 qualifiers.

ğŸ† QUALIFIED SURVIVORS (2):
            Name TickerID  Price  Market Cap  PEG  ROCE  D/E  Pledge      FCF
Hind.Aeronautics      HAL 4510.0   301617.49 1.97 33.88  0.0     0.0 11889.89
Taneja Aerospace   522229  327.3      834.63 1.66 17.45  0.0     0.0    24.87
Exception ignored in: <function Chrome.__del__ at 0x0000021EBD6E0F40>
Traceback (most recent call last):
  File "C:\Users\Basheer\GitHub\ai-stock-analysis-agent\venv\Lib\site-packages\undetected_chromedriver\__init__.py", line 843, in __del__
    self.quit()
  File "C:\Users\Basheer\GitHub\ai-stock-analysis-agent\venv\Lib\site-packages\undetected_chromedriver\__init__.py", line 798, in quit
    time.sleep(0.1)
OSError: [WinError 6] The handle is invalid
(venv) 
Basheer@ZABISK-LAPTOP MINGW64 ~/GitHub/ai-stock-analysis-agent (main)
$ python test_wrapper.py
ğŸš€ Starting Test on: https://www.screener.in/market/IN02/IN0201/IN020101/IN020101002/

... Logging in & Harvesting data...
2025-12-02 10:39:28,874 - ğŸšœ HARVESTER - Starting Harvest: https://www.screener.in/market/IN02/IN0201/IN020101/IN020101002/
2025-12-02 10:39:34,641 - ğŸšœ HARVESTER - ğŸ” Logging in to access custom columns...
2025-12-02 10:39:37,080 - ğŸšœ HARVESTER - âœ… Login Successful.
2025-12-02 10:39:40,469 - ğŸšœ HARVESTER - ğŸ¯ PROCESSING TARGET: '2/3 Wheelers Companies'
2025-12-02 10:39:40,520 - ğŸšœ HARVESTER -    âœ… Page 1 scraped (12 rows)
2025-12-02 10:39:40,520 - ğŸšœ HARVESTER -    ğŸ›‘ Reached last page.
âœ… Harvest Success! Found 12 stocks.

... Applying 5/5 Financial Filters...
ğŸ“‹ Status: Found 2 qualifiers.

ğŸ† QUALIFIED SURVIVORS (2):
         Name   TickerID  Price  Market Cap  PEG  ROCE  D/E  Pledge     FCF
Eicher Motors  EICHERMOT 7124.0   195410.76 0.93 29.81 0.02     0.0 2951.45
Hero Motocorp HEROMOTOCO 6282.2   125695.29 1.00 30.34 0.03     0.0 3463.20
Exception ignored in: <function Chrome.__del__ at 0x0000016128644F40>
Traceback (most recent call last):
  File "C:\Users\Basheer\GitHub\ai-stock-analysis-agent\venv\Lib\site-packages\undetected_chromedriver\__init__.py", line 843, in __del__
    self.quit()
  File "C:\Users\Basheer\GitHub\ai-stock-analysis-agent\venv\Lib\site-packages\undetected_chromedriver\__init__.py", line 798, in quit
    time.sleep(0.1)
OSError: [WinError 6] The handle is invalid
(venv) 
Basheer@ZABISK-LAPTOP MINGW64 ~/GitHub/ai-stock-analysis-agent (main)
$ python test_wrapper.py
ğŸš€ Starting Test on: https://www.screener.in/market/IN07/IN0702/IN070205/IN070205016/

... Logging in & Harvesting data...
2025-12-02 10:40:14,072 - ğŸšœ HARVESTER - Starting Harvest: https://www.screener.in/market/IN07/IN0702/IN070205/IN070205016/
2025-12-02 10:40:20,025 - ğŸšœ HARVESTER - ğŸ” Logging in to access custom columns...
2025-12-02 10:40:23,200 - ğŸšœ HARVESTER - âœ… Login Successful.
2025-12-02 10:40:26,592 - ğŸšœ HARVESTER - ğŸ¯ PROCESSING TARGET: 'Abrasives & Bearings Companies'
2025-12-02 10:40:26,627 - ğŸšœ HARVESTER -    âœ… Page 1 scraped (8 rows)
2025-12-02 10:40:26,650 - ğŸšœ HARVESTER -    ğŸ›‘ Reached last page.
âœ… Harvest Success! Found 8 stocks.

... Applying 5/5 Financial Filters...
ğŸ“‹ Status: Found 1 qualifiers.

ğŸ† QUALIFIED SURVIVORS (1):
     Name TickerID  Price  Market Cap  PEG  ROCE  D/E  Pledge   FCF
SKF India SKFINDIA 1942.0     9600.85 1.36 28.83  0.0     0.0 72.37
Exception ignored in: <function Chrome.__del__ at 0x0000025478AF4F40>
Traceback (most recent call last):
  File "C:\Users\Basheer\GitHub\ai-stock-analysis-agent\venv\Lib\site-packages\undetected_chromedriver\__init__.py", line 843, in __del__
    self.quit()
  File "C:\Users\Basheer\GitHub\ai-stock-analysis-agent\venv\Lib\site-packages\undetected_chromedriver\__init__.py", line 798, in quit
    time.sleep(0.1)
OSError: [WinError 6] The handle is invalid
(venv) 
Basheer@ZABISK-LAPTOP MINGW64 ~/GitHub/ai-stock-analysis-agent (main)
$ python test_wrapper.py
ğŸš€ Starting Test on: https://www.screener.in/market/IN09/IN0901/IN090102/IN090102001/

... Logging in & Harvesting data...
2025-12-02 10:40:56,945 - ğŸšœ HARVESTER - Starting Harvest: https://www.screener.in/market/IN09/IN0901/IN090102/IN090102001/
2025-12-02 10:41:04,136 - ğŸšœ HARVESTER - ğŸ” Logging in to access custom columns...
2025-12-02 10:41:06,870 - ğŸšœ HARVESTER - âœ… Login Successful.
2025-12-02 10:41:10,352 - ğŸšœ HARVESTER - ğŸ¯ PROCESSING TARGET: 'Airline Companies'
2025-12-02 10:41:10,386 - ğŸšœ HARVESTER -    âœ… Page 1 scraped (5 rows)
2025-12-02 10:41:10,407 - ğŸšœ HARVESTER -    ğŸ›‘ Reached last page.
âœ… Harvest Success! Found 5 stocks.

... Applying 5/5 Financial Filters...
ğŸ“‹ Status: Found 1 qualifiers.

ğŸ† QUALIFIED SURVIVORS (1):
            Name TickerID  Price  Market Cap  PEG  ROCE  D/E  Pledge  FCF
TAAL Enterprises   539956 2996.5      933.82 1.49 32.73 0.01     0.0 39.4
Exception ignored in: <function Chrome.__del__ at 0x0000021F6A6B4F40>
Traceback (most recent call last):
  File "C:\Users\Basheer\GitHub\ai-stock-analysis-agent\venv\Lib\site-packages\undetected_chromedriver\__init__.py", line 843, in __del__
    self.quit()
  File "C:\Users\Basheer\GitHub\ai-stock-analysis-agent\venv\Lib\site-packages\undetected_chromedriver\__init__.py", line 798, in quit
    time.sleep(0.1)
OSError: [WinError 6] The handle is invalid
(venv) 
Basheer@ZABISK-LAPTOP MINGW64 ~/GitHub/ai-stock-analysis-agent (main)
$ python test_wrapper.py
ğŸš€ Starting Test on: https://www.screener.in/market/IN07/IN0702/IN070205/IN070205014/

... Logging in & Harvesting data...
2025-12-02 10:41:30,975 - ğŸšœ HARVESTER - Starting Harvest: https://www.screener.in/market/IN07/IN0702/IN070205/IN070205014/
2025-12-02 10:41:38,557 - ğŸšœ HARVESTER - ğŸ” Logging in to access custom columns...
2025-12-02 10:41:40,932 - ğŸšœ HARVESTER - âœ… Login Successful.
2025-12-02 10:41:44,380 - ğŸšœ HARVESTER - ğŸ¯ PROCESSING TARGET: 'Aluminium, Copper & Zinc Products Companies'
2025-12-02 10:41:44,461 - ğŸšœ HARVESTER -    âœ… Page 1 scraped (25 rows)
2025-12-02 10:41:44,463 - ğŸšœ HARVESTER -    ğŸ›‘ Reached last page.
âœ… Harvest Success! Found 25 stocks.

... Applying 5/5 Financial Filters...
ğŸ“‹ Status: Found 0 qualifiers.

âš ï¸ No stocks passed the strict filters.
Exception ignored in: <function Chrome.__del__ at 0x00000188F6094F40>
Traceback (most recent call last):
  File "C:\Users\Basheer\GitHub\ai-stock-analysis-agent\venv\Lib\site-packages\undetected_chromedriver\__init__.py", line 843, in __del__
    self.quit()
  File "C:\Users\Basheer\GitHub\ai-stock-analysis-agent\venv\Lib\site-packages\undetected_chromedriver\__init__.py", line 798, in quit
    time.sleep(0.1)
OSError: [WinError 6] The handle is invalid
(venv) 
Basheer@ZABISK-LAPTOP MINGW64 ~/GitHub/ai-stock-analysis-agent (main)
$ python test_wrapper.py
ğŸš€ Starting Test on: https://www.screener.in/market/IN04/IN0401/IN040104/IN040104001/

... Logging in & Harvesting data...
2025-12-02 10:42:39,934 - ğŸšœ HARVESTER - Starting Harvest: https://www.screener.in/market/IN04/IN0401/IN040104/IN040104001/
2025-12-02 10:42:46,552 - ğŸšœ HARVESTER - ğŸ” Logging in to access custom columns...
2025-12-02 10:42:49,436 - ğŸšœ HARVESTER - âœ… Login Successful.
2025-12-02 10:42:52,850 - ğŸšœ HARVESTER - ğŸ¯ PROCESSING TARGET: 'Animal Feed Companies'
2025-12-02 10:42:52,898 - ğŸšœ HARVESTER -    âœ… Page 1 scraped (8 rows)
2025-12-02 10:42:52,924 - ğŸšœ HARVESTER -    ğŸ›‘ Reached last page.
âœ… Harvest Success! Found 8 stocks.

... Applying 5/5 Financial Filters...
ğŸ“‹ Status: Found 2 qualifiers.

ğŸ† QUALIFIED SURVIVORS (2):
        Name   TickerID  Price  Market Cap  PEG  ROCE  D/E  Pledge    FCF
Avanti Feeds AVANTIFEED 803.75    10950.71 0.53 23.99 0.00     0.0 437.24
         KSE     519421 243.70      779.84 0.05 42.92 0.07     0.0 127.87
Exception ignored in: <function Chrome.__del__ at 0x000002B41FAA0F40>
Traceback (most recent call last):
  File "C:\Users\Basheer\GitHub\ai-stock-analysis-agent\venv\Lib\site-packages\undetected_chromedriver\__init__.py", line 843, in __del__
    self.quit()
  File "C:\Users\Basheer\GitHub\ai-stock-analysis-agent\venv\Lib\site-packages\undetected_chromedriver\__init__.py", line 798, in quit
    time.sleep(0.1)
OSError: [WinError 6] The handle is invalid
(venv) 
Basheer@ZABISK-LAPTOP MINGW64 ~/GitHub/ai-stock-analysis-agent (main)
$ python test_wrapper.py
ğŸš€ Starting Test on: https://www.screener.in/market/IN02/IN0201/IN020102/IN020102001/

... Logging in & Harvesting data...
2025-12-02 10:46:25,022 - ğŸšœ HARVESTER - Starting Harvest: https://www.screener.in/market/IN02/IN0201/IN020102/IN020102001/
2025-12-02 10:46:31,324 - ğŸšœ HARVESTER - ğŸ” Logging in to access custom columns...
2025-12-02 10:46:34,585 - ğŸšœ HARVESTER - âœ… Login Successful.
2025-12-02 10:46:38,045 - ğŸšœ HARVESTER - ğŸ¯ PROCESSING TARGET: 'Auto Components & Equipments Companies'
2025-12-02 10:46:38,155 - ğŸšœ HARVESTER -    âœ… Page 1 scraped (53 rows)
2025-12-02 10:46:40,726 - ğŸšœ HARVESTER -    âœ… Page 2 scraped (53 rows)
2025-12-02 10:46:45,077 - ğŸšœ HARVESTER -    âœ… Page 3 scraped (50 rows)
2025-12-02 10:46:45,088 - ğŸšœ HARVESTER -    ğŸ›‘ Reached last page.
âœ… Harvest Success! Found 156 stocks.

... Applying 5/5 Financial Filters...
ğŸ“‹ Status: Found 15 qualifiers.

ğŸ† QUALIFIED SURVIVORS (15):
            Name   TickerID    Price  Market Cap  PEG  ROCE  D/E  Pledge    FCF
   ZF Commercial  ZFCVINDIA 14571.60    27627.74 1.12 20.15 0.02     0.0 122.51
Amara Raja Ener.      ARE&M   951.45    17413.96 1.09 16.75 0.04     0.0 631.24
  CIE Automotive   CIEINDIA   425.25    16132.38 0.73 16.59 0.07     0.0 500.17
 Shriram Pistons SHRIPISTON  2623.05    11554.47 0.47 25.70 0.20     0.0 266.24
      Pricol Ltd  PRICOLLTD   621.30     7572.51 0.86 22.87 0.15     0.0 112.68
 Fiem Industries    FIEMIND  2259.90     5947.97 0.92 27.80 0.06     0.0 131.51
    Sharda Motor SHARDAMOTR   988.75     5676.17 0.83 34.60 0.04     0.0 211.24
     Rolex Rings ROLEXRINGS   104.80     2854.04 1.27 22.81 0.00     0.0 177.12
Automotive Axles  AUTOAXLES  1840.40     2780.84 0.64 22.32 0.01     0.0 114.74
Federal-Mogul Go   FMGOETZE   482.00     2681.37 0.33 19.60 0.00     0.0 174.50
Studds Accessor.     STUDDS   536.05     2109.55 0.84 22.59 0.02     0.0  21.52
NDR Auto Compon.    NDRAUTO   844.00     2007.46 0.68 22.85 0.16     0.0  36.21
India Nipp.Elec.  INDNIPPON   853.30     1930.28 0.79 15.43 0.00     0.0  26.31
   Talbros Auto. TALBROAUTO   284.95     1758.93 0.65 19.31 0.13     0.0  29.37
Frontier Springs     522195  4249.50     1674.31 0.50 41.56 0.04     0.0   7.50
Exception ignored in: <function Chrome.__del__ at 0x0000015E45204F40>
Traceback (most recent call last):
  File "C:\Users\Basheer\GitHub\ai-stock-analysis-agent\venv\Lib\site-packages\undetected_chromedriver\__init__.py", line 843, in __del__
    self.quit()
  File "C:\Users\Basheer\GitHub\ai-stock-analysis-agent\venv\Lib\site-packages\undetected_chromedriver\__init__.py", line 798, in quit
    time.sleep(0.1)
OSError: [WinError 6] The handle is invalid
(venv) 
Basheer@ZABISK-LAPTOP MINGW64 ~/GitHub/ai-stock-analysis-agent (main)
$ python test_wrapper.py
ğŸš€ Starting Test on: https://www.screener.in/market/IN01/IN0103/IN010302/IN010302001/

... Logging in & Harvesting data...
2025-12-02 10:48:00,367 - ğŸšœ HARVESTER - Starting Harvest: https://www.screener.in/market/IN01/IN0103/IN010302/IN010302001/
2025-12-02 10:48:07,133 - ğŸšœ HARVESTER - ğŸ” Logging in to access custom columns...
2025-12-02 10:48:10,296 - ğŸšœ HARVESTER - âœ… Login Successful.
2025-12-02 10:48:13,738 - ğŸšœ HARVESTER - ğŸ¯ PROCESSING TARGET: 'Aluminium Companies'
2025-12-02 10:48:13,803 - ğŸšœ HARVESTER -    âœ… Page 1 scraped (15 rows)
2025-12-02 10:48:13,813 - ğŸšœ HARVESTER -    ğŸ›‘ Reached last page.
âœ… Harvest Success! Found 15 stocks.

... Applying 5/5 Financial Filters...
ğŸ“‹ Status: Found 1 qualifiers.

ğŸ† QUALIFIED SURVIVORS (1):
           Name   TickerID  Price  Market Cap  PEG  ROCE  D/E  Pledge     FCF
Natl. Aluminium NATIONALUM  264.8    48634.01 0.37 43.96  0.0     0.0 4640.57
Exception ignored in: <function Chrome.__del__ at 0x0000022A60D74F40>
Traceback (most recent call last):
  File "C:\Users\Basheer\GitHub\ai-stock-analysis-agent\venv\Lib\site-packages\undetected_chromedriver\__init__.py", line 843, in __del__
    self.quit()
  File "C:\Users\Basheer\GitHub\ai-stock-analysis-agent\venv\Lib\site-packages\undetected_chromedriver\__init__.py", line 798, in quit
    time.sleep(0.1)
OSError: [WinError 6] The handle is invalid
(venv) 
Basheer@ZABISK-LAPTOP MINGW64 ~/GitHub/ai-stock-analysis-agent (main)
$ python test_wrapper.py
ğŸš€ Starting Test on: https://www.screener.in/market/IN09/IN0901/IN090104/IN090104005/

... Logging in & Harvesting data...
2025-12-02 10:48:44,411 - ğŸšœ HARVESTER - Starting Harvest: https://www.screener.in/market/IN09/IN0901/IN090104/IN090104005/
2025-12-02 10:48:50,121 - ğŸšœ HARVESTER - ğŸ” Logging in to access custom columns...
2025-12-02 10:48:52,493 - ğŸšœ HARVESTER - âœ… Login Successful.
2025-12-02 10:48:55,966 - ğŸšœ HARVESTER - ğŸ¯ PROCESSING TARGET: 'Business Process Outsourcing (BPO)/ Knowledge Process Outsourcing (KPO) Companies'
2025-12-02 10:48:56,012 - ğŸšœ HARVESTER -    âœ… Page 1 scraped (17 rows)
2025-12-02 10:48:56,021 - ğŸšœ HARVESTER -    ğŸ›‘ Reached last page.
âœ… Harvest Success! Found 17 stocks.

... Applying 5/5 Financial Filters...
ğŸ“‹ Status: Found 0 qualifiers.

âš ï¸ No stocks passed the strict filters.
Exception ignored in: <function Chrome.__del__ at 0x0000016C6BE64F40>
Traceback (most recent call last):
  File "C:\Users\Basheer\GitHub\ai-stock-analysis-agent\venv\Lib\site-packages\undetected_chromedriver\__init__.py", line 843, in __del__
    self.quit()
  File "C:\Users\Basheer\GitHub\ai-stock-analysis-agent\venv\Lib\site-packages\undetected_chromedriver\__init__.py", line 798, in quit
    time.sleep(0.1)
OSError: [WinError 6] The handle is invalid
(venv) 
Basheer@ZABISK-LAPTOP MINGW64 ~/GitHub/ai-stock-analysis-agent (main)
$ python test_wrapper.py
ğŸš€ Starting Test on: https://www.screener.in/market/IN07/IN0702/IN070205/IN070205003/

... Logging in & Harvesting data...
2025-12-02 10:51:06,418 - ğŸšœ HARVESTER - Starting Harvest: https://www.screener.in/market/IN07/IN0702/IN070205/IN070205003/
2025-12-02 10:51:12,033 - ğŸšœ HARVESTER - ğŸ” Logging in to access custom columns...
2025-12-02 10:51:14,482 - ğŸšœ HARVESTER - âœ… Login Successful.
2025-12-02 10:51:17,948 - ğŸšœ HARVESTER - ğŸ¯ PROCESSING TARGET: 'Cables - Electricals Companies'
2025-12-02 10:51:18,010 - ğŸšœ HARVESTER -    âœ… Page 1 scraped (23 rows)
2025-12-02 10:51:18,020 - ğŸšœ HARVESTER -    ğŸ›‘ Reached last page.
âœ… Harvest Success! Found 23 stocks.

... Applying 5/5 Financial Filters...
ğŸ“‹ Status: Found 4 qualifiers.

ğŸ† QUALIFIED SURVIVORS (4):
           Name   TickerID   Price  Market Cap  PEG  ROCE  D/E  Pledge    FCF
  Polycab India    POLYCAB 7435.00   111925.28 1.55 29.72 0.02     0.0 852.91
  Advait Energy     543230 1694.90     1853.69 0.57 26.87 0.27     0.0  32.43
 Dynamic Cables       DYCL  333.55     1616.33 0.75 26.37 0.19     0.0  31.77
Paramount Comm. PARACABLES   39.32     1199.40 0.14 16.30 0.14     0.0  43.71
Exception ignored in: <function Chrome.__del__ at 0x000001AAD82F4F40>
Traceback (most recent call last):
  File "C:\Users\Basheer\GitHub\ai-stock-analysis-agent\venv\Lib\site-packages\undetected_chromedriver\__init__.py", line 843, in __del__
    self.quit()
  File "C:\Users\Basheer\GitHub\ai-stock-analysis-agent\venv\Lib\site-packages\undetected_chromedriver\__init__.py", line 798, in quit
    time.sleep(0.1)
OSError: [WinError 6] The handle is invalid
(venv) 
Basheer@ZABISK-LAPTOP MINGW64 ~/GitHub/ai-stock-analysis-agent (main)
$ python test_wrapper.py
ğŸš€ Starting Test on: https://www.screener.in/market/IN07/IN0702/IN070205/IN070205004/

... Logging in & Harvesting data...
2025-12-02 10:52:26,669 - ğŸšœ HARVESTER - Starting Harvest: https://www.screener.in/market/IN07/IN0702/IN070205/IN070205004/
2025-12-02 10:52:33,215 - ğŸšœ HARVESTER - ğŸ” Logging in to access custom columns...
2025-12-02 10:52:35,888 - ğŸšœ HARVESTER - âœ… Login Successful.
2025-12-02 10:52:39,272 - ğŸšœ HARVESTER - ğŸ¯ PROCESSING TARGET: 'Castings & Forgings Companies'
2025-12-02 10:52:39,334 - ğŸšœ HARVESTER -    âœ… Page 1 scraped (28 rows)
2025-12-02 10:52:39,343 - ğŸšœ HARVESTER -    ğŸ›‘ Reached last page.
âœ… Harvest Success! Found 28 stocks.

... Applying 5/5 Financial Filters...
ğŸ“‹ Status: Found 3 qualifiers.

ğŸ† QUALIFIED SURVIVORS (3):
           Name   TickerID   Price  Market Cap  PEG  ROCE  D/E  Pledge     FCF
AIA Engineering     AIAENG 3852.05    35947.45 1.66 18.92 0.14     0.0 1027.45
 Happy Forgings HAPPYFORGE 1055.55     9954.29 1.56 19.17 0.10     0.0   11.94
      Steelcast   STEELCAS  219.00     2216.28 0.84 32.94 0.00     0.0   57.28
Exception ignored in: <function Chrome.__del__ at 0x000002D229A64F40>
Traceback (most recent call last):
  File "C:\Users\Basheer\GitHub\ai-stock-analysis-agent\venv\Lib\site-packages\undetected_chromedriver\__init__.py", line 843, in __del__
    self.quit()
  File "C:\Users\Basheer\GitHub\ai-stock-analysis-agent\venv\Lib\site-packages\undetected_chromedriver\__init__.py", line 798, in quit
    time.sleep(0.1)
OSError: [WinError 6] The handle is invalid
(venv) 
Basheer@ZABISK-LAPTOP MINGW64 ~/GitHub/ai-stock-analysis-agent (main)
$ python test_wrapper.py
ğŸš€ Starting Test on: https://www.screener.in/market/IN01/IN0102/IN010203/IN010203001/

... Logging in & Harvesting data...
2025-12-02 10:53:10,984 - ğŸšœ HARVESTER - Starting Harvest: https://www.screener.in/market/IN01/IN0102/IN010203/IN010203001/
2025-12-02 10:53:18,228 - ğŸšœ HARVESTER - ğŸ” Logging in to access custom columns...
2025-12-02 10:53:21,138 - ğŸšœ HARVESTER - âœ… Login Successful.
2025-12-02 10:53:24,575 - ğŸšœ HARVESTER - ğŸ¯ PROCESSING TARGET: 'Cement & Cement Products Companies'
2025-12-02 10:53:24,670 - ğŸšœ HARVESTER -    âœ… Page 1 scraped (45 rows)
2025-12-02 10:53:24,674 - ğŸšœ HARVESTER -    ğŸ›‘ Reached last page.
âœ… Harvest Success! Found 45 stocks.

... Applying 5/5 Financial Filters...
ğŸ“‹ Status: Found 0 qualifiers.

âš ï¸ No stocks passed the strict filters.
Exception ignored in: <function Chrome.__del__ at 0x0000024655534F40>
Traceback (most recent call last):
  File "C:\Users\Basheer\GitHub\ai-stock-analysis-agent\venv\Lib\site-packages\undetected_chromedriver\__init__.py", line 843, in __del__
    self.quit()
  File "C:\Users\Basheer\GitHub\ai-stock-analysis-agent\venv\Lib\site-packages\undetected_chromedriver\__init__.py", line 798, in quit
    time.sleep(0.1)
OSError: [WinError 6] The handle is invalid
(venv) 
Basheer@ZABISK-LAPTOP MINGW64 ~/GitHub/ai-stock-analysis-agent (main)
$ python test_wrapper.py
ğŸš€ Starting Test on: https://www.screener.in/market/IN07/IN0701/IN070101/IN070101001/

... Logging in & Harvesting data...
2025-12-02 10:55:19,109 - ğŸšœ HARVESTER - Starting Harvest: https://www.screener.in/market/IN07/IN0701/IN070101/IN070101001/
2025-12-02 10:55:24,967 - ğŸšœ HARVESTER - ğŸ” Logging in to access custom columns...
2025-12-02 10:55:28,187 - ğŸšœ HARVESTER - âœ… Login Successful.
2025-12-02 10:55:31,586 - ğŸšœ HARVESTER - ğŸ¯ PROCESSING TARGET: 'Civil Construction Companies'
2025-12-02 10:55:31,682 - ğŸšœ HARVESTER -    âœ… Page 1 scraped (53 rows)
2025-12-02 10:55:36,175 - ğŸšœ HARVESTER -    âœ… Page 2 scraped (53 rows)
2025-12-02 10:55:40,172 - ğŸšœ HARVESTER -    âœ… Page 3 scraped (53 rows)
2025-12-02 10:55:43,407 - ğŸšœ HARVESTER -    âœ… Page 4 scraped (20 rows)
2025-12-02 10:55:43,407 - ğŸšœ HARVESTER -    ğŸ›‘ Reached last page.
âœ… Harvest Success! Found 179 stocks.

... Applying 5/5 Financial Filters...
ğŸ“‹ Status: Found 2 qualifiers.

ğŸ† QUALIFIED SURVIVORS (2):
           Name   TickerID  Price  Market Cap  PEG  ROCE  D/E  Pledge    FCF
           NBCC       NBCC 116.25    31387.50 1.59 33.17 0.00     0.0 337.69
Engineers India ENGINERSIN 197.75    11114.39 0.34 25.01 0.01     0.0  68.27
Exception ignored in: <function Chrome.__del__ at 0x0000022FDD074F40>
Traceback (most recent call last):
  File "C:\Users\Basheer\GitHub\ai-stock-analysis-agent\venv\Lib\site-packages\undetected_chromedriver\__init__.py", line 843, in __del__
    self.quit()
  File "C:\Users\Basheer\GitHub\ai-stock-analysis-agent\venv\Lib\site-packages\undetected_chromedriver\__init__.py", line 798, in quit
    time.sleep(0.1)
OSError: [WinError 6] The handle is invalid
(venv) 
Basheer@ZABISK-LAPTOP MINGW64 ~/GitHub/ai-stock-analysis-agent (main)
$ python test_wrapper.py
ğŸš€ Starting Test on: https://www.screener.in/market/IN09/IN0901/IN090104/IN090104002/

... Logging in & Harvesting data...
2025-12-02 10:59:51,104 - ğŸšœ HARVESTER - Starting Harvest: https://www.screener.in/market/IN09/IN0901/IN090104/IN090104002/
2025-12-02 10:59:59,218 - ğŸšœ HARVESTER - ğŸ” Logging in to access custom columns...
2025-12-02 11:00:02,033 - ğŸšœ HARVESTER - âœ… Login Successful.
2025-12-02 11:00:05,460 - ğŸšœ HARVESTER - ğŸ¯ PROCESSING TARGET: 'Consulting Services Companies'
2025-12-02 11:00:05,522 - ğŸšœ HARVESTER -    âœ… Page 1 scraped (31 rows)
2025-12-02 11:00:05,532 - ğŸšœ HARVESTER -    ğŸ›‘ Reached last page.
âœ… Harvest Success! Found 31 stocks.

... Applying 5/5 Financial Filters...
ğŸ“‹ Status: Found 0 qualifiers.

âš ï¸ No stocks passed the strict filters.
Exception ignored in: <function Chrome.__del__ at 0x0000021746FD4F40>
Traceback (most recent call last):
  File "C:\Users\Basheer\GitHub\ai-stock-analysis-agent\venv\Lib\site-packages\undetected_chromedriver\__init__.py", line 843, in __del__
    self.quit()
  File "C:\Users\Basheer\GitHub\ai-stock-analysis-agent\venv\Lib\site-packages\undetected_chromedriver\__init__.py", line 798, in quit
    time.sleep(0.1)
OSError: [WinError 6] The handle is invalid
(venv) 
Basheer@ZABISK-LAPTOP MINGW64 ~/GitHub/ai-stock-analysis-agent (main)
$ python test_wrapper.py
ğŸš€ Starting Test on: https://www.screener.in/market/IN05/IN0501/IN050103/IN050103002/

... Logging in & Harvesting data...
2025-12-02 11:00:30,995 - ğŸšœ HARVESTER - Starting Harvest: https://www.screener.in/market/IN05/IN0501/IN050103/IN050103002/
2025-12-02 11:00:37,797 - ğŸšœ HARVESTER - ğŸ” Logging in to access custom columns...
2025-12-02 11:00:40,785 - ğŸšœ HARVESTER - âœ… Login Successful.
2025-12-02 11:00:44,120 - ğŸšœ HARVESTER - ğŸ¯ PROCESSING TARGET: 'Depositories, Clearing Houses and Other Intermediaries Companies'
2025-12-02 11:00:44,155 - ğŸšœ HARVESTER -    âœ… Page 1 scraped (5 rows)
2025-12-02 11:00:44,166 - ğŸšœ HARVESTER -    ğŸ›‘ Reached last page.
âœ… Harvest Success! Found 5 stocks.

... Applying 5/5 Financial Filters...
ğŸ“‹ Status: Found 1 qualifiers.

ğŸ† QUALIFIED SURVIVORS (1):
           Name TickerID   Price  Market Cap  PEG  ROCE  D/E  Pledge    FCF
KFin Technolog. KFINTECH 1097.55    18921.88 1.89 32.75 0.03     0.0 313.22
Exception ignored in: <function Chrome.__del__ at 0x000002A888BA4F40>
Traceback (most recent call last):
  File "C:\Users\Basheer\GitHub\ai-stock-analysis-agent\venv\Lib\site-packages\undetected_chromedriver\__init__.py", line 843, in __del__
    self.quit()
  File "C:\Users\Basheer\GitHub\ai-stock-analysis-agent\venv\Lib\site-packages\undetected_chromedriver\__init__.py", line 798, in quit
    time.sleep(0.1)
OSError: [WinError 6] The handle is invalid
(venv) 
Basheer@ZABISK-LAPTOP MINGW64 ~/GitHub/ai-stock-analysis-agent (main)
$ python test_wrapper.py
ğŸš€ Starting Test on: https://www.screener.in/market/IN12/IN1201/IN120101/IN120101001/

... Logging in & Harvesting data...
2025-12-02 11:01:54,352 - ğŸšœ HARVESTER - Starting Harvest: https://www.screener.in/market/IN12/IN1201/IN120101/IN120101001/
2025-12-02 11:02:00,356 - ğŸšœ HARVESTER - ğŸ” Logging in to access custom columns...
2025-12-02 11:02:03,524 - ğŸšœ HARVESTER - âœ… Login Successful.
2025-12-02 11:02:06,882 - ğŸšœ HARVESTER - ğŸ¯ PROCESSING TARGET: 'Diversified Companies'
2025-12-02 11:02:06,939 - ğŸšœ HARVESTER -    âœ… Page 1 scraped (15 rows)
2025-12-02 11:02:06,951 - ğŸšœ HARVESTER -    ğŸ›‘ Reached last page.
âœ… Harvest Success! Found 15 stocks.

... Applying 5/5 Financial Filters...
ğŸ“‹ Status: Found 0 qualifiers.

âš ï¸ No stocks passed the strict filters.
Exception ignored in: <function Chrome.__del__ at 0x00000185CB854F40>
Traceback (most recent call last):
  File "C:\Users\Basheer\GitHub\ai-stock-analysis-agent\venv\Lib\site-packages\undetected_chromedriver\__init__.py", line 843, in __del__
    self.quit()
  File "C:\Users\Basheer\GitHub\ai-stock-analysis-agent\venv\Lib\site-packages\undetected_chromedriver\__init__.py", line 798, in quit
    time.sleep(0.1)
OSError: [WinError 6] The handle is invalid
(venv) 
Basheer@ZABISK-LAPTOP MINGW64 ~/GitHub/ai-stock-analysis-agent (main)


... Logging in & Harvesting data...
2025-12-11 20:32:59,210 - ğŸšœ HARVESTER - Starting Harvest: https://www.screener.in/market/IN02/IN0202/IN020201/
2025-12-11 20:33:03,892 - ğŸšœ HARVESTER - ğŸ” Logging in to access custom columns...
2025-12-11 20:33:05,570 - ğŸšœ HARVESTER - âœ… Login Successful.
2025-12-11 20:33:08,973 - ğŸšœ HARVESTER - ğŸ¯ PROCESSING TARGET: 'Consumer Durables Companies'
2025-12-11 20:33:09,063 - ğŸšœ HARVESTER -    âœ… Page 1 scraped (53 rows)
2025-12-11 20:33:13,406 - ğŸšœ HARVESTER -    âœ… Page 2 scraped (53 rows)
2025-12-11 20:33:16,620 - ğŸšœ HARVESTER -    âœ… Page 3 scraped (53 rows)
2025-12-11 20:33:19,585 - ğŸšœ HARVESTER -    âœ… Page 4 scraped (53 rows)
2025-12-11 20:33:23,834 - ğŸšœ HARVESTER -    âœ… Page 5 scraped (53 rows)
2025-12-11 20:33:26,475 - ğŸšœ HARVESTER -    âœ… Page 6 scraped (15 rows)
2025-12-11 20:33:26,484 - ğŸšœ HARVESTER -    ğŸ›‘ Reached last page.
âœ… Harvest Success! Found 280 stocks.

... Applying 5/5 Financial Filters...
ğŸ“‹ Status: Found 8 qualifiers.

ğŸ† QUALIFIED SURVIVORS (8):
            Name   TickerID   Price  Market Cap  PEG  ROCE  D/E  Pledge    FCF
     Cello World      CELLO  554.60    12248.04 1.99 23.72 0.00     0.0  98.25
  Cera Sanitary.       CERA 5277.50     6802.93 1.68 22.39 0.04     0.0  88.86
        Symphony   SYMPHONY  872.10     5992.23 1.32 36.80 0.01     0.0 236.61
Stylam Industrie  STYLAMIND 2149.10     3633.78 1.13 27.41 0.00     0.0   0.39
Mayur Uniquoters  MAYURUNIQ  491.85     2131.19 0.72 20.67 0.01     0.0 140.64
Butterfly Gan Ap  BUTTERFLY  693.35     1238.53 1.99 15.04 0.03     0.0  25.59
   PNGS Gargi FJ     543709 1033.50     1082.11 0.19 57.93 0.06     0.0  16.83
Radhika Jeweltec RADHIKAJWE   73.13      866.57 0.40 25.78 0.13     0.0  16.44
Exception ignored in: <function Chrome.__del__ at 0x0000029588D8CEA0>
Traceback (most recent call last):
  File "C:\Users\Basheer\GitHub\ai-stock-analysis-agent\venv\Lib\site-packages\undetected_chromedriver\__init__.py", line 843, in __del__
    self.quit()
  File "C:\Users\Basheer\GitHub\ai-stock-analysis-agent\venv\Lib\site-packages\undetected_chromedriver\__init__.py", line 798, in quit
    time.sleep(0.1)
OSError: [WinError 6] The handle is invalid

... Logging in & Harvesting data...
2025-12-11 20:34:27,088 - ğŸšœ HARVESTER - Starting Harvest: https://www.screener.in/market/IN02/
2025-12-11 20:34:32,240 - ğŸšœ HARVESTER - ğŸ” Logging in to access custom columns...
2025-12-11 20:34:34,407 - ğŸšœ HARVESTER - âœ… Login Successful.
2025-12-11 20:34:37,775 - ğŸšœ HARVESTER - ğŸ¯ PROCESSING TARGET: 'Consumer Discretionary Companies'
2025-12-11 20:34:37,856 - ğŸšœ HARVESTER -    âœ… Page 1 scraped (53 rows)
2025-12-11 20:34:40,617 - ğŸšœ HARVESTER -    âœ… Page 2 scraped (53 rows)
2025-12-11 20:34:44,129 - ğŸšœ HARVESTER -    âœ… Page 3 scraped (53 rows)
2025-12-11 20:34:48,459 - ğŸšœ HARVESTER -    âœ… Page 4 scraped (53 rows)
2025-12-11 20:34:51,591 - ğŸšœ HARVESTER -    âœ… Page 5 scraped (53 rows)
2025-12-11 20:34:55,337 - ğŸšœ HARVESTER -    âœ… Page 6 scraped (53 rows)
2025-12-11 20:34:58,801 - ğŸšœ HARVESTER -    âœ… Page 7 scraped (53 rows)
2025-12-11 20:35:02,247 - ğŸšœ HARVESTER -    âœ… Page 8 scraped (53 rows)
2025-12-11 20:35:05,003 - ğŸšœ HARVESTER -    âœ… Page 9 scraped (53 rows)
2025-12-11 20:35:09,009 - ğŸšœ HARVESTER -    âœ… Page 10 scraped (53 rows)
2025-12-11 20:35:13,064 - ğŸšœ HARVESTER -    âœ… Page 11 scraped (53 rows)
2025-12-11 20:35:17,299 - ğŸšœ HARVESTER -    âœ… Page 12 scraped (53 rows)
2025-12-11 20:35:19,780 - ğŸšœ HARVESTER -    âœ… Page 13 scraped (53 rows)
2025-12-11 20:35:23,554 - ğŸšœ HARVESTER -    âœ… Page 14 scraped (53 rows)
2025-12-11 20:35:26,243 - ğŸšœ HARVESTER -    âœ… Page 15 scraped (53 rows)
2025-12-11 20:35:29,420 - ğŸšœ HARVESTER -    âœ… Page 16 scraped (53 rows)
2025-12-11 20:35:32,798 - ğŸšœ HARVESTER -    âœ… Page 17 scraped (53 rows)
2025-12-11 20:35:35,866 - ğŸšœ HARVESTER -    âœ… Page 18 scraped (53 rows)
2025-12-11 20:35:38,260 - ğŸšœ HARVESTER -    âœ… Page 19 scraped (53 rows)
2025-12-11 20:35:42,184 - ğŸšœ HARVESTER -    âœ… Page 20 scraped (53 rows)
2025-12-11 20:35:46,015 - ğŸšœ HARVESTER -    âœ… Page 21 scraped (53 rows)
2025-12-11 20:35:48,988 - ğŸšœ HARVESTER -    âœ… Page 22 scraped (53 rows)
2025-12-11 20:35:52,083 - ğŸšœ HARVESTER -    âœ… Page 23 scraped (53 rows)
2025-12-11 20:35:56,379 - ğŸšœ HARVESTER -    âœ… Page 24 scraped (53 rows)
2025-12-11 20:35:59,744 - ğŸšœ HARVESTER -    âœ… Page 25 scraped (53 rows)
2025-12-11 20:36:02,880 - ğŸšœ HARVESTER -    âœ… Page 26 scraped (53 rows)
2025-12-11 20:36:07,112 - ğŸšœ HARVESTER -    âœ… Page 27 scraped (39 rows)
2025-12-11 20:36:07,127 - ğŸšœ HARVESTER -    ğŸ›‘ Reached last page.
âœ… Harvest Success! Found 1417 stocks.

... Applying 5/5 Financial Filters...
ğŸ“‹ Status: Found 49 qualifiers.

ğŸ† QUALIFIED SURVIVORS (49):
            Name   TickerID    Price  Market Cap  PEG   ROCE  D/E  Pledge     FCF
   Maruti Suzuki     MARUTI 16248.00   511328.08 0.48  21.70 0.00     0.0 5533.10
   Eicher Motors  EICHERMOT  7256.00   198884.33 0.94  29.81 0.02     0.0 2951.45
   Hero Motocorp HEROMOTOCO  5979.50   119623.71 0.95  30.34 0.03     0.0 3463.20
Indian Hotels Co   INDHOTEL   729.00   103732.12 0.63  17.21 0.28     0.0 1132.72
       I R C T C      IRCTC   669.85    53628.15 1.63  49.03 0.02     0.0  786.78
   ZF Commercial  ZFCVINDIA 14248.00    26985.84 1.09  20.15 0.02     0.0  122.51
             EIH    EIHOTEL   376.50    23510.80 0.33  23.43 0.05     0.0  346.05
    Force Motors   FORCEMOT 16978.00    22370.05 0.27  29.99 0.00     0.0  606.42
Amara Raja Ener.      ARE&M   931.25    17055.06 1.07  16.75 0.04     0.0  631.24
     Travel Food TRAVELFOOD  1269.40    16696.50 0.15  41.69 0.24     0.0  454.01
  CIE Automotive   CIEINDIA   405.55    15373.68 0.70  16.59 0.07     0.0  500.17
   Gabriel India    GABRIEL   962.80    13828.59 1.88  26.14 0.02     0.0   18.36
 Shriram Pistons SHRIPISTON  3131.30    13765.75 0.56  25.70 0.20     0.0  266.24
Indiamart Inter.  INDIAMART  2238.80    13407.91 1.18  34.24 0.01     0.0  615.49
   BLS Internat.        BLS   320.25    13190.16 0.34  33.62 0.19     0.0  667.62
     Cello World      CELLO   554.60    12248.04 1.99  23.72 0.00     0.0   98.25
      Pricol Ltd  PRICOLLTD   612.90     7468.89 0.85  22.87 0.15     0.0  112.68
      Tips Music  TIPSMUSIC   545.95     6982.80 1.12 108.83 0.01     0.0  118.69
  Ganesh Housing  GANESHHOU   818.25     6814.42 0.12  44.02 0.03     0.0  193.20
  Cera Sanitary.       CERA  5277.50     6802.93 1.68  22.39 0.04     0.0   88.86
 Thomas Cook (I) THOMASCOOK   139.73     6583.50 0.59  18.69 0.22     0.0  608.99
        Symphony   SYMPHONY   872.10     5992.23 1.32  36.80 0.01     0.0  236.61
 Fiem Industries    FIEMIND  2272.70     5986.74 0.92  27.80 0.06     0.0  131.51
    Sharda Motor SHARDAMOTR   963.35     5530.65 0.81  34.60 0.04     0.0  211.24
          Crizac     CRIZAC   276.60     4846.96 0.84  47.87 0.00     0.0  187.52
         I T D C       ITDC   550.55     4716.53 0.45  30.54 0.00     0.0   43.22
        D B Corp     DBCORP   245.25     4379.24 0.34  21.06 0.13     0.0  366.40
Stylam Industrie  STYLAMIND  2149.10     3633.78 1.13  27.41 0.00     0.0    0.39
     Rolex Rings ROLEXRINGS   128.36     3498.50 1.56  22.81 0.00     0.0  177.12
             MPS     MPSLTD  1996.40     3418.36 1.15  40.94 0.02     0.0   92.49
Kewal Kir.Cloth.       KKCL   488.85     3007.93 1.66  18.79 0.18     0.0   12.63
Automotive Axles  AUTOAXLES  1838.90     2781.15 0.64  22.32 0.01     0.0  114.74
Federal-Mogul Go   FMGOETZE   464.05     2584.84 0.32  19.60 0.00     0.0  174.50
   TajGVK Hotels     TAJGVK   388.80     2429.60 0.18  20.80 0.12     0.0   75.46
EIH Assoc.Hotels EIHAHOTELS   353.80     2146.88 0.24  25.70 0.01     0.0   81.43
Mayur Uniquoters  MAYURUNIQ   491.85     2131.19 0.72  20.67 0.01     0.0  140.64
Studds Accessor.     STUDDS   534.55     2103.64 0.84  22.59 0.02     0.0   21.52
NDR Auto Compon.    NDRAUTO   817.10     1948.88 0.66  22.85 0.16     0.0   36.21
India Nipp.Elec.  INDNIPPON   805.75     1815.35 0.74  15.43 0.00     0.0   26.31
   Talbros Auto. TALBROAUTO   281.80     1741.99 0.64  19.31 0.13     0.0   29.37
Frontier Springs     522195  3853.30     1518.20 0.45  41.56 0.04     0.0    7.50
Butterfly Gan Ap  BUTTERFLY   693.35     1238.53 1.99  15.04 0.03     0.0   25.59
  Benares Hotels     509438  9305.40     1209.71 0.29  37.33 0.02     0.0   24.47
   PNGS Gargi FJ     543709  1033.50     1082.11 0.19  57.93 0.06     0.0   16.83
Radhika Jeweltec RADHIKAJWE    73.13      866.57 0.40  25.78 0.13     0.0   16.44
      U P Hotels     509960  1480.00      799.20 0.41  23.58 0.00     0.0   19.88
  Exhicon Events     543895   561.15      783.34 0.26  34.59 0.05     0.0    3.32
   Borana Weaves     BORANA   281.35      741.98 0.08  41.21 0.18     0.0   15.50
  Advani Hotels. ADVANIHOTR    58.21      535.56 0.36  45.29 0.01     0.0   17.95
Exception ignored in: <function Chrome.__del__ at 0x000001AA77DC4EA0>
Traceback (most recent call last):
  File "C:\Users\Basheer\GitHub\ai-stock-analysis-agent\venv\Lib\site-packages\undetected_chromedriver\__init__.py", line 843, in __del__
    self.quit()
  File "C:\Users\Basheer\GitHub\ai-stock-analysis-agent\venv\Lib\site-packages\undetected_chromedriver\__init__.py", line 798, in quit
    time.sleep(0.1)
OSError: [WinError 6] The handle is invalid

Basheer@ZABISK-LAPTOP MINGW64 ~/GitHub/ai-stock-analysis-agent (main)
$ python test_wrapper.py
ğŸš€ Starting Test on: https://www.screener.in/market/IN06/

... Logging in & Harvesting data...
2025-12-16 17:18:21,061 - ğŸšœ HARVESTER - Starting Harvest: https://www.screener.in/market/IN06/
2025-12-16 17:18:30,788 - ğŸšœ HARVESTER - ğŸ” Logging in to access custom columns...
2025-12-16 17:18:33,686 - ğŸšœ HARVESTER - âœ… Login Successful.
2025-12-16 17:18:37,197 - ğŸšœ HARVESTER - ğŸ¯ PROCESSING TARGET: 'Healthcare Companies'
2025-12-16 17:18:37,496 - ğŸšœ HARVESTER -    âœ… Page 1 scraped (53 rows)
2025-12-16 17:18:41,918 - ğŸšœ HARVESTER -    âœ… Page 2 scraped (53 rows)
2025-12-16 17:18:45,288 - ğŸšœ HARVESTER -    âœ… Page 3 scraped (53 rows)
2025-12-16 17:18:48,277 - ğŸšœ HARVESTER -    âœ… Page 4 scraped (53 rows)
2025-12-16 17:18:52,254 - ğŸšœ HARVESTER -    âœ… Page 5 scraped (53 rows)
2025-12-16 17:18:55,598 - ğŸšœ HARVESTER -    âœ… Page 6 scraped (53 rows)
2025-12-16 17:19:00,026 - ğŸšœ HARVESTER -    âœ… Page 7 scraped (21 rows)
2025-12-16 17:19:00,042 - ğŸšœ HARVESTER -    ğŸ›‘ Reached last page.
âœ… Harvest Success! Found 339 stocks.

... Applying 5/5 Financial Filters...
ğŸ“‹ Status: Found 25 qualifiers.

ğŸ† QUALIFIED SURVIVORS (25):
            Name   TickerID    Price  Market Cap  PEG  ROCE  D/E  Pledge     FCF
           Cipla      CIPLA  1500.00   121225.98 0.86 22.72 0.01     0.0 3490.18
 Dr Reddy's Labs    DRREDDY  1276.90   106590.59 0.49 22.69 0.16     0.0 1327.40
    Abbott India ABBOTINDIA 27823.45    59102.79 1.87 46.25 0.05     0.0  959.76
   Global Health    MEDANTA  1141.05    30631.64 1.34 19.74 0.25     0.0  110.20
 J B Chemicals & JBCHEPHARM  1789.90    28039.75 1.82 25.79 0.01     0.0  783.25
    Natco Pharma NATCOPHARM   922.05    16516.66 0.08 32.78 0.03     0.0 1300.30
Caplin Point Lab CAPLIPOINT  1932.00    14686.59 1.16 25.85 0.00     0.0  240.85
 Concord Biotech CONCORDBIO  1370.10    14311.90 1.60 28.25 0.00     0.0  133.55
        Indegene      INDGN   524.95    12623.82 0.96 24.80 0.04     0.0  411.90
 Marksans Pharma   MARKSANS   187.25     8477.04 0.89 20.03 0.12     0.0   34.99
     Akums Drugs      AKUMS   420.70     6627.83 0.44 16.20 0.03     0.0  201.44
 Indrapr.Medical INDRAMEDCO   488.80     4488.32 0.70 39.10 0.05     0.0  120.42
RPG LifeScience.    RPGLIFE  2312.10     3821.16 1.09 32.80 0.00     0.0  151.30
  Shukra Pharma.     524632    56.39     2469.20 1.54 21.80 0.06     0.0    5.18
  Novartis India  NOVARTIND   772.05     1906.26 0.51 17.00 0.01     0.0   74.89
 Windlas Biotech    WINDLAS   776.00     1634.34 1.43 16.96 0.06     0.0   16.20
    Laxmi Dental LAXMIDENTL   269.15     1479.86 0.82 19.20 0.04     0.0   28.50
  Syncom Formul.    SYNCOMF    14.82     1392.15 0.63 18.59 0.00     0.0   13.35
Jagsonpal Pharma JAGSNPHARM   197.50     1319.86 1.03 22.95 0.03     0.0   90.67
 One Global Serv     514330   635.00     1240.98 0.18 56.38 0.00     0.0   14.34
     3B Blackbio     532067  1421.00     1219.59 1.78 25.75 0.00     0.0   42.46
Fermenta Biotec.     506414   350.70     1032.15 0.12 22.97 0.29     0.0   38.02
     Anuh Pharma    ANUHPHR    78.60      789.98 1.55 17.24 0.00     0.0   16.97
  Prevest Denpro     543363   488.00      585.74 1.80 25.25 0.00     0.0   13.03
Shree Ganesh Rem     540737   454.00      582.83 1.49 19.21 0.24     0.0    7.48
Exception ignored in: <function Chrome.__del__ at 0x00000162FE181120>
Traceback (most recent call last):
  File "C:\Users\Basheer\GitHub\ai-stock-analysis-agent\venv\Lib\site-packages\undetected_chromedriver\__init__.py", line 843, in __del__
    self.quit()
  File "C:\Users\Basheer\GitHub\ai-stock-analysis-agent\venv\Lib\site-packages\undetected_chromedriver\__init__.py", line 798, in quit
    time.sleep(0.1)
OSError: [WinError 6] The handle is invalid
(venv)

$ python test_wrapper.py
ğŸš€ Starting Test on: https://www.screener.in/market/IN04/

... Logging in & Harvesting data...
2025-12-25 12:17:40,368 - ğŸšœ HARVESTER - Starting Harvest: https://www.screener.in/market/IN04/
2025-12-25 12:17:45,527 - ğŸšœ HARVESTER - ğŸ” Logging in to access custom columns...
2025-12-25 12:17:47,537 - ğŸšœ HARVESTER - âœ… Login Successful.
2025-12-25 12:17:50,929 - ğŸšœ HARVESTER - ğŸ¯ PROCESSING TARGET: 'Fast Moving Consumer Goods Companies'
2025-12-25 12:17:51,096 - ğŸšœ HARVESTER -    âœ… Page 1 scraped (53 rows)
2025-12-25 12:17:54,248 - ğŸšœ HARVESTER -    âœ… Page 2 scraped (53 rows)
2025-12-25 12:17:57,426 - ğŸšœ HARVESTER -    âœ… Page 3 scraped (53 rows)
2025-12-25 12:18:01,089 - ğŸšœ HARVESTER -    âœ… Page 4 scraped (53 rows)
2025-12-25 12:18:04,075 - ğŸšœ HARVESTER -    âœ… Page 5 scraped (53 rows)
2025-12-25 12:18:06,436 - ğŸšœ HARVESTER -    âœ… Page 6 scraped (53 rows)
2025-12-25 12:18:10,638 - ğŸšœ HARVESTER -    âœ… Page 7 scraped (53 rows)
2025-12-25 12:18:13,579 - ğŸšœ HARVESTER -    âœ… Page 8 scraped (43 rows)
2025-12-25 12:18:13,594 - ğŸšœ HARVESTER -    ğŸ›‘ Reached last page.
âœ… Harvest Success! Found 414 stocks.

... Applying 5/5 Financial Filters...
ğŸ“‹ Status: Found 11 qualifiers.

ğŸ† QUALIFIED SURVIVORS (11):
            Name   TickerID   Price  Market Cap  PEG  ROCE  D/E  Pledge     FCF
AWL Agri Busine.        AWL  236.95    30795.88 1.87 20.89 0.11     0.0 1190.08
    Avanti Feeds AVANTIFEED  821.30    11189.85 0.55 23.99 0.00     0.0  437.24
     Jyothy Labs  JYOTHYLAB  279.25    10254.47 0.76 37.11 0.04     0.0  253.71
     Dodla Dairy      DODLA 1227.90     7407.65 1.17 26.55 0.04     0.0  411.99
 Kaveri Seed Co.       KSCL  978.95     5035.63 1.47 20.08 0.00     0.0  108.27
  Heritage Foods HERITGFOOD  458.10     4250.98 1.15 25.28 0.21     0.0   42.28
   G M Breweries     GMBREW 1110.40     2536.92 1.33 18.13 0.00     0.0  116.04
 Chamanlal Setia      CLSEL  261.45     1300.08 0.84 16.71 0.09     0.0   55.31
             KSE     519421  223.35      714.72 0.05 42.92 0.07     0.0  127.87
            Linc       LINC  114.43      680.73 0.26 22.43 0.08     0.0   40.64
     Shri Ahimsa SHRIAHIMSA  244.00      569.25 0.83 24.38 0.00     0.0   38.74
Exception ignored in: <function Chrome.__del__ at 0x0000017A855D5260>
Traceback (most recent call last):
  File "C:\Users\Basheer\GitHub\ai-stock-analysis-agent\venv\Lib\site-packages\undetected_chromedriver\__init__.py", line 843, in __del__
    self.quit()
  File "C:\Users\Basheer\GitHub\ai-stock-analysis-agent\venv\Lib\site-packages\undetected_chromedriver\__init__.py", line 798, in quit
    time.sleep(0.1)
OSError: [WinError 6] The handle is invalid
(venv) 